Determining if the __GLIBC__ exist failed with the following output:
Change Dir: /Users/davidframpton/Documents/blockheads2/katipoBrowser/waraki/android/app/.cxx/RelWithDebInfo/1i4p5v6e/arm64-v8a/CMakeFiles/CMakeTmp

Run Build Command(s):/Users/davidframpton/Library/Android/sdk/cmake/3.22.1/bin/ninja cmTC_5b5f7 && [1/2] Building C object CMakeFiles/cmTC_5b5f7.dir/CheckSymbolExists.c.o
FAILED: CMakeFiles/cmTC_5b5f7.dir/CheckSymbolExists.c.o 
/Users/davidframpton/Library/Android/sdk/ndk/28.2.13676358/toolchains/llvm/prebuilt/darwin-x86_64/bin/clang --target=aarch64-none-linux-android21 --sysroot=/Users/davidframpton/Library/Android/sdk/ndk/28.2.13676358/toolchains/llvm/prebuilt/darwin-x86_64/sysroot   -g -DANDROID -fdata-sections -ffunction-sections -funwind-tables -fstack-protector-strong -no-canonical-prefixes -D_FORTIFY_SOURCE=2 -Wformat -Werror=format-security   -D_GNU_SOURCE=1 -fPIE -MD -MT CMakeFiles/cmTC_5b5f7.dir/CheckSymbolExists.c.o -MF CMakeFiles/cmTC_5b5f7.dir/CheckSymbolExists.c.o.d -o CMakeFiles/cmTC_5b5f7.dir/CheckSymbolExists.c.o -c /Users/davidframpton/Documents/blockheads2/katipoBrowser/waraki/android/app/.cxx/RelWithDebInfo/1i4p5v6e/arm64-v8a/CMakeFiles/CMakeTmp/CheckSymbolExists.c
/Users/davidframpton/Documents/blockheads2/katipoBrowser/waraki/android/app/.cxx/RelWithDebInfo/1i4p5v6e/arm64-v8a/CMakeFiles/CMakeTmp/CheckSymbolExists.c:8:19: error: use of undeclared identifier '__GLIBC__'
    8 |   return ((int*)(&__GLIBC__))[argc];
      |                   ^
1 error generated.
ninja: build stopped: subcommand failed.


File /Users/davidframpton/Documents/blockheads2/katipoBrowser/waraki/android/app/.cxx/RelWithDebInfo/1i4p5v6e/arm64-v8a/CMakeFiles/CMakeTmp/CheckSymbolExists.c:
/* */
#include <stdlib.h>

int main(int argc, char** argv)
{
  (void)argv;
#ifndef __GLIBC__
  return ((int*)(&__GLIBC__))[argc];
#else
  (void)argc;
  return 0;
#endif
}
Determining if the fopen64 exist failed with the following output:
Change Dir: /Users/davidframpton/Documents/blockheads2/katipoBrowser/waraki/android/app/.cxx/RelWithDebInfo/1i4p5v6e/arm64-v8a/CMakeFiles/CMakeTmp

Run Build Command(s):/Users/davidframpton/Library/Android/sdk/cmake/3.22.1/bin/ninja cmTC_68c27 && [1/2] Building C object CMakeFiles/cmTC_68c27.dir/CheckSymbolExists.c.o
FAILED: CMakeFiles/cmTC_68c27.dir/CheckSymbolExists.c.o 
/Users/davidframpton/Library/Android/sdk/ndk/28.2.13676358/toolchains/llvm/prebuilt/darwin-x86_64/bin/clang --target=aarch64-none-linux-android21 --sysroot=/Users/davidframpton/Library/Android/sdk/ndk/28.2.13676358/toolchains/llvm/prebuilt/darwin-x86_64/sysroot   -g -DANDROID -fdata-sections -ffunction-sections -funwind-tables -fstack-protector-strong -no-canonical-prefixes -D_FORTIFY_SOURCE=2 -Wformat -Werror=format-security   -D_GNU_SOURCE=1 -fPIE -MD -MT CMakeFiles/cmTC_68c27.dir/CheckSymbolExists.c.o -MF CMakeFiles/cmTC_68c27.dir/CheckSymbolExists.c.o.d -o CMakeFiles/cmTC_68c27.dir/CheckSymbolExists.c.o -c /Users/davidframpton/Documents/blockheads2/katipoBrowser/waraki/android/app/.cxx/RelWithDebInfo/1i4p5v6e/arm64-v8a/CMakeFiles/CMakeTmp/CheckSymbolExists.c
/Users/davidframpton/Documents/blockheads2/katipoBrowser/waraki/android/app/.cxx/RelWithDebInfo/1i4p5v6e/arm64-v8a/CMakeFiles/CMakeTmp/CheckSymbolExists.c:26:19: error: use of undeclared identifier 'fopen64'; did you mean 'fopen'?
   26 |   return ((int*)(&fopen64))[argc];
      |                   ^~~~~~~
      |                   fopen
/Users/davidframpton/Library/Android/sdk/ndk/28.2.13676358/toolchains/llvm/prebuilt/darwin-x86_64/sysroot/usr/include/stdio.h:267:29: note: 'fopen' declared here
  267 | __nodiscard FILE* _Nullable fopen(const char* _Nonnull __path, const char* _Nonnull __mode);
      |                             ^
1 error generated.
ninja: build stopped: subcommand failed.


File /Users/davidframpton/Documents/blockheads2/katipoBrowser/waraki/android/app/.cxx/RelWithDebInfo/1i4p5v6e/arm64-v8a/CMakeFiles/CMakeTmp/CheckSymbolExists.c:
/* */
#include <float.h>
#include <iconv.h>
#include <inttypes.h>
#include <limits.h>
#include <malloc.h>
#include <math.h>
#include <memory.h>
#include <signal.h>
#include <stdarg.h>
#include <stdbool.h>
#include <stddef.h>
#include <stdint.h>
#include <stdio.h>
#include <stdlib.h>
#include <string.h>
#include <strings.h>
#include <sys/types.h>
#include <time.h>
#include <wchar.h>

int main(int argc, char** argv)
{
  (void)argv;
#ifndef fopen64
  return ((int*)(&fopen64))[argc];
#else
  (void)argc;
  return 0;
#endif
}
Determining if the fseeko64 exist failed with the following output:
Change Dir: /Users/davidframpton/Documents/blockheads2/katipoBrowser/waraki/android/app/.cxx/RelWithDebInfo/1i4p5v6e/arm64-v8a/CMakeFiles/CMakeTmp

Run Build Command(s):/Users/davidframpton/Library/Android/sdk/cmake/3.22.1/bin/ninja cmTC_c6de4 && [1/2] Building C object CMakeFiles/cmTC_c6de4.dir/CheckSymbolExists.c.o
FAILED: CMakeFiles/cmTC_c6de4.dir/CheckSymbolExists.c.o 
/Users/davidframpton/Library/Android/sdk/ndk/28.2.13676358/toolchains/llvm/prebuilt/darwin-x86_64/bin/clang --target=aarch64-none-linux-android21 --sysroot=/Users/davidframpton/Library/Android/sdk/ndk/28.2.13676358/toolchains/llvm/prebuilt/darwin-x86_64/sysroot   -g -DANDROID -fdata-sections -ffunction-sections -funwind-tables -fstack-protector-strong -no-canonical-prefixes -D_FORTIFY_SOURCE=2 -Wformat -Werror=format-security   -D_GNU_SOURCE=1 -fPIE -MD -MT CMakeFiles/cmTC_c6de4.dir/CheckSymbolExists.c.o -MF CMakeFiles/cmTC_c6de4.dir/CheckSymbolExists.c.o.d -o CMakeFiles/cmTC_c6de4.dir/CheckSymbolExists.c.o -c /Users/davidframpton/Documents/blockheads2/katipoBrowser/waraki/android/app/.cxx/RelWithDebInfo/1i4p5v6e/arm64-v8a/CMakeFiles/CMakeTmp/CheckSymbolExists.c
/Users/davidframpton/Documents/blockheads2/katipoBrowser/waraki/android/app/.cxx/RelWithDebInfo/1i4p5v6e/arm64-v8a/CMakeFiles/CMakeTmp/CheckSymbolExists.c:26:19: error: use of undeclared identifier 'fseeko64'; did you mean 'fseeko'?
   26 |   return ((int*)(&fseeko64))[argc];
      |                   ^~~~~~~~
      |                   fseeko
/Users/davidframpton/Library/Android/sdk/ndk/28.2.13676358/toolchains/llvm/prebuilt/darwin-x86_64/sysroot/usr/include/stdio.h:235:5: note: 'fseeko' declared here
  235 | int fseeko(FILE* _Nonnull __fp, off_t __offset, int __whence);
      |     ^
1 error generated.
ninja: build stopped: subcommand failed.


File /Users/davidframpton/Documents/blockheads2/katipoBrowser/waraki/android/app/.cxx/RelWithDebInfo/1i4p5v6e/arm64-v8a/CMakeFiles/CMakeTmp/CheckSymbolExists.c:
/* */
#include <float.h>
#include <iconv.h>
#include <inttypes.h>
#include <limits.h>
#include <malloc.h>
#include <math.h>
#include <memory.h>
#include <signal.h>
#include <stdarg.h>
#include <stdbool.h>
#include <stddef.h>
#include <stdint.h>
#include <stdio.h>
#include <stdlib.h>
#include <string.h>
#include <strings.h>
#include <sys/types.h>
#include <time.h>
#include <wchar.h>

int main(int argc, char** argv)
{
  (void)argv;
#ifndef fseeko64
  return ((int*)(&fseeko64))[argc];
#else
  (void)argc;
  return 0;
#endif
}
Determining if the _i64toa exist failed with the following output:
Change Dir: /Users/davidframpton/Documents/blockheads2/katipoBrowser/waraki/android/app/.cxx/RelWithDebInfo/1i4p5v6e/arm64-v8a/CMakeFiles/CMakeTmp

Run Build Command(s):/Users/davidframpton/Library/Android/sdk/cmake/3.22.1/bin/ninja cmTC_a5b35 && [1/2] Building C object CMakeFiles/cmTC_a5b35.dir/CheckSymbolExists.c.o
FAILED: CMakeFiles/cmTC_a5b35.dir/CheckSymbolExists.c.o 
/Users/davidframpton/Library/Android/sdk/ndk/28.2.13676358/toolchains/llvm/prebuilt/darwin-x86_64/bin/clang --target=aarch64-none-linux-android21 --sysroot=/Users/davidframpton/Library/Android/sdk/ndk/28.2.13676358/toolchains/llvm/prebuilt/darwin-x86_64/sysroot   -g -DANDROID -fdata-sections -ffunction-sections -funwind-tables -fstack-protector-strong -no-canonical-prefixes -D_FORTIFY_SOURCE=2 -Wformat -Werror=format-security   -D_GNU_SOURCE=1 -fPIE -MD -MT CMakeFiles/cmTC_a5b35.dir/CheckSymbolExists.c.o -MF CMakeFiles/cmTC_a5b35.dir/CheckSymbolExists.c.o.d -o CMakeFiles/cmTC_a5b35.dir/CheckSymbolExists.c.o -c /Users/davidframpton/Documents/blockheads2/katipoBrowser/waraki/android/app/.cxx/RelWithDebInfo/1i4p5v6e/arm64-v8a/CMakeFiles/CMakeTmp/CheckSymbolExists.c
/Users/davidframpton/Documents/blockheads2/katipoBrowser/waraki/android/app/.cxx/RelWithDebInfo/1i4p5v6e/arm64-v8a/CMakeFiles/CMakeTmp/CheckSymbolExists.c:26:19: error: use of undeclared identifier '_i64toa'
   26 |   return ((int*)(&_i64toa))[argc];
      |                   ^
1 error generated.
ninja: build stopped: subcommand failed.


File /Users/davidframpton/Documents/blockheads2/katipoBrowser/waraki/android/app/.cxx/RelWithDebInfo/1i4p5v6e/arm64-v8a/CMakeFiles/CMakeTmp/CheckSymbolExists.c:
/* */
#include <float.h>
#include <iconv.h>
#include <inttypes.h>
#include <limits.h>
#include <malloc.h>
#include <math.h>
#include <memory.h>
#include <signal.h>
#include <stdarg.h>
#include <stdbool.h>
#include <stddef.h>
#include <stdint.h>
#include <stdio.h>
#include <stdlib.h>
#include <string.h>
#include <strings.h>
#include <sys/types.h>
#include <time.h>
#include <wchar.h>

int main(int argc, char** argv)
{
  (void)argv;
#ifndef _i64toa
  return ((int*)(&_i64toa))[argc];
#else
  (void)argc;
  return 0;
#endif
}
Determining if the index exist failed with the following output:
Change Dir: /Users/davidframpton/Documents/blockheads2/katipoBrowser/waraki/android/app/.cxx/RelWithDebInfo/1i4p5v6e/arm64-v8a/CMakeFiles/CMakeTmp

Run Build Command(s):/Users/davidframpton/Library/Android/sdk/cmake/3.22.1/bin/ninja cmTC_4a6f8 && [1/2] Building C object CMakeFiles/cmTC_4a6f8.dir/CheckSymbolExists.c.o
FAILED: CMakeFiles/cmTC_4a6f8.dir/CheckSymbolExists.c.o 
/Users/davidframpton/Library/Android/sdk/ndk/28.2.13676358/toolchains/llvm/prebuilt/darwin-x86_64/bin/clang --target=aarch64-none-linux-android21 --sysroot=/Users/davidframpton/Library/Android/sdk/ndk/28.2.13676358/toolchains/llvm/prebuilt/darwin-x86_64/sysroot   -g -DANDROID -fdata-sections -ffunction-sections -funwind-tables -fstack-protector-strong -no-canonical-prefixes -D_FORTIFY_SOURCE=2 -Wformat -Werror=format-security   -D_GNU_SOURCE=1 -fPIE -MD -MT CMakeFiles/cmTC_4a6f8.dir/CheckSymbolExists.c.o -MF CMakeFiles/cmTC_4a6f8.dir/CheckSymbolExists.c.o.d -o CMakeFiles/cmTC_4a6f8.dir/CheckSymbolExists.c.o -c /Users/davidframpton/Documents/blockheads2/katipoBrowser/waraki/android/app/.cxx/RelWithDebInfo/1i4p5v6e/arm64-v8a/CMakeFiles/CMakeTmp/CheckSymbolExists.c
/Users/davidframpton/Documents/blockheads2/katipoBrowser/waraki/android/app/.cxx/RelWithDebInfo/1i4p5v6e/arm64-v8a/CMakeFiles/CMakeTmp/CheckSymbolExists.c:26:19: error: call to undeclared library function 'index' with type 'char *(const char *, int)'; ISO C99 and later do not support implicit function declarations [-Wimplicit-function-declaration]
   26 |   return ((int*)(&index))[argc];
      |                   ^
/Users/davidframpton/Documents/blockheads2/katipoBrowser/waraki/android/app/.cxx/RelWithDebInfo/1i4p5v6e/arm64-v8a/CMakeFiles/CMakeTmp/CheckSymbolExists.c:26:19: note: include the header <strings.h> or explicitly provide a declaration for 'index'
1 error generated.
ninja: build stopped: subcommand failed.


File /Users/davidframpton/Documents/blockheads2/katipoBrowser/waraki/android/app/.cxx/RelWithDebInfo/1i4p5v6e/arm64-v8a/CMakeFiles/CMakeTmp/CheckSymbolExists.c:
/* */
#include <float.h>
#include <iconv.h>
#include <inttypes.h>
#include <limits.h>
#include <malloc.h>
#include <math.h>
#include <memory.h>
#include <signal.h>
#include <stdarg.h>
#include <stdbool.h>
#include <stddef.h>
#include <stdint.h>
#include <stdio.h>
#include <stdlib.h>
#include <string.h>
#include <strings.h>
#include <sys/types.h>
#include <time.h>
#include <wchar.h>

int main(int argc, char** argv)
{
  (void)argv;
#ifndef index
  return ((int*)(&index))[argc];
#else
  (void)argc;
  return 0;
#endif
}
Determining if the itoa exist failed with the following output:
Change Dir: /Users/davidframpton/Documents/blockheads2/katipoBrowser/waraki/android/app/.cxx/RelWithDebInfo/1i4p5v6e/arm64-v8a/CMakeFiles/CMakeTmp

Run Build Command(s):/Users/davidframpton/Library/Android/sdk/cmake/3.22.1/bin/ninja cmTC_f6f90 && [1/2] Building C object CMakeFiles/cmTC_f6f90.dir/CheckSymbolExists.c.o
FAILED: CMakeFiles/cmTC_f6f90.dir/CheckSymbolExists.c.o 
/Users/davidframpton/Library/Android/sdk/ndk/28.2.13676358/toolchains/llvm/prebuilt/darwin-x86_64/bin/clang --target=aarch64-none-linux-android21 --sysroot=/Users/davidframpton/Library/Android/sdk/ndk/28.2.13676358/toolchains/llvm/prebuilt/darwin-x86_64/sysroot   -g -DANDROID -fdata-sections -ffunction-sections -funwind-tables -fstack-protector-strong -no-canonical-prefixes -D_FORTIFY_SOURCE=2 -Wformat -Werror=format-security   -D_GNU_SOURCE=1 -fPIE -MD -MT CMakeFiles/cmTC_f6f90.dir/CheckSymbolExists.c.o -MF CMakeFiles/cmTC_f6f90.dir/CheckSymbolExists.c.o.d -o CMakeFiles/cmTC_f6f90.dir/CheckSymbolExists.c.o -c /Users/davidframpton/Documents/blockheads2/katipoBrowser/waraki/android/app/.cxx/RelWithDebInfo/1i4p5v6e/arm64-v8a/CMakeFiles/CMakeTmp/CheckSymbolExists.c
/Users/davidframpton/Documents/blockheads2/katipoBrowser/waraki/android/app/.cxx/RelWithDebInfo/1i4p5v6e/arm64-v8a/CMakeFiles/CMakeTmp/CheckSymbolExists.c:26:19: error: use of undeclared identifier 'itoa'
   26 |   return ((int*)(&itoa))[argc];
      |                   ^
1 error generated.
ninja: build stopped: subcommand failed.


File /Users/davidframpton/Documents/blockheads2/katipoBrowser/waraki/android/app/.cxx/RelWithDebInfo/1i4p5v6e/arm64-v8a/CMakeFiles/CMakeTmp/CheckSymbolExists.c:
/* */
#include <float.h>
#include <iconv.h>
#include <inttypes.h>
#include <limits.h>
#include <malloc.h>
#include <math.h>
#include <memory.h>
#include <signal.h>
#include <stdarg.h>
#include <stdbool.h>
#include <stddef.h>
#include <stdint.h>
#include <stdio.h>
#include <stdlib.h>
#include <string.h>
#include <strings.h>
#include <sys/types.h>
#include <time.h>
#include <wchar.h>

int main(int argc, char** argv)
{
  (void)argv;
#ifndef itoa
  return ((int*)(&itoa))[argc];
#else
  (void)argc;
  return 0;
#endif
}
Determining if the _ltoa exist failed with the following output:
Change Dir: /Users/davidframpton/Documents/blockheads2/katipoBrowser/waraki/android/app/.cxx/RelWithDebInfo/1i4p5v6e/arm64-v8a/CMakeFiles/CMakeTmp

Run Build Command(s):/Users/davidframpton/Library/Android/sdk/cmake/3.22.1/bin/ninja cmTC_cf3b0 && [1/2] Building C object CMakeFiles/cmTC_cf3b0.dir/CheckSymbolExists.c.o
FAILED: CMakeFiles/cmTC_cf3b0.dir/CheckSymbolExists.c.o 
/Users/davidframpton/Library/Android/sdk/ndk/28.2.13676358/toolchains/llvm/prebuilt/darwin-x86_64/bin/clang --target=aarch64-none-linux-android21 --sysroot=/Users/davidframpton/Library/Android/sdk/ndk/28.2.13676358/toolchains/llvm/prebuilt/darwin-x86_64/sysroot   -g -DANDROID -fdata-sections -ffunction-sections -funwind-tables -fstack-protector-strong -no-canonical-prefixes -D_FORTIFY_SOURCE=2 -Wformat -Werror=format-security   -D_GNU_SOURCE=1 -fPIE -MD -MT CMakeFiles/cmTC_cf3b0.dir/CheckSymbolExists.c.o -MF CMakeFiles/cmTC_cf3b0.dir/CheckSymbolExists.c.o.d -o CMakeFiles/cmTC_cf3b0.dir/CheckSymbolExists.c.o -c /Users/davidframpton/Documents/blockheads2/katipoBrowser/waraki/android/app/.cxx/RelWithDebInfo/1i4p5v6e/arm64-v8a/CMakeFiles/CMakeTmp/CheckSymbolExists.c
/Users/davidframpton/Documents/blockheads2/katipoBrowser/waraki/android/app/.cxx/RelWithDebInfo/1i4p5v6e/arm64-v8a/CMakeFiles/CMakeTmp/CheckSymbolExists.c:26:19: error: use of undeclared identifier '_ltoa'
   26 |   return ((int*)(&_ltoa))[argc];
      |                   ^
1 error generated.
ninja: build stopped: subcommand failed.


File /Users/davidframpton/Documents/blockheads2/katipoBrowser/waraki/android/app/.cxx/RelWithDebInfo/1i4p5v6e/arm64-v8a/CMakeFiles/CMakeTmp/CheckSymbolExists.c:
/* */
#include <float.h>
#include <iconv.h>
#include <inttypes.h>
#include <limits.h>
#include <malloc.h>
#include <math.h>
#include <memory.h>
#include <signal.h>
#include <stdarg.h>
#include <stdbool.h>
#include <stddef.h>
#include <stdint.h>
#include <stdio.h>
#include <stdlib.h>
#include <string.h>
#include <strings.h>
#include <sys/types.h>
#include <time.h>
#include <wchar.h>

int main(int argc, char** argv)
{
  (void)argv;
#ifndef _ltoa
  return ((int*)(&_ltoa))[argc];
#else
  (void)argc;
  return 0;
#endif
}
Determining if the rindex exist failed with the following output:
Change Dir: /Users/davidframpton/Documents/blockheads2/katipoBrowser/waraki/android/app/.cxx/RelWithDebInfo/1i4p5v6e/arm64-v8a/CMakeFiles/CMakeTmp

Run Build Command(s):/Users/davidframpton/Library/Android/sdk/cmake/3.22.1/bin/ninja cmTC_fa866 && [1/2] Building C object CMakeFiles/cmTC_fa866.dir/CheckSymbolExists.c.o
FAILED: CMakeFiles/cmTC_fa866.dir/CheckSymbolExists.c.o 
/Users/davidframpton/Library/Android/sdk/ndk/28.2.13676358/toolchains/llvm/prebuilt/darwin-x86_64/bin/clang --target=aarch64-none-linux-android21 --sysroot=/Users/davidframpton/Library/Android/sdk/ndk/28.2.13676358/toolchains/llvm/prebuilt/darwin-x86_64/sysroot   -g -DANDROID -fdata-sections -ffunction-sections -funwind-tables -fstack-protector-strong -no-canonical-prefixes -D_FORTIFY_SOURCE=2 -Wformat -Werror=format-security   -D_GNU_SOURCE=1 -fPIE -MD -MT CMakeFiles/cmTC_fa866.dir/CheckSymbolExists.c.o -MF CMakeFiles/cmTC_fa866.dir/CheckSymbolExists.c.o.d -o CMakeFiles/cmTC_fa866.dir/CheckSymbolExists.c.o -c /Users/davidframpton/Documents/blockheads2/katipoBrowser/waraki/android/app/.cxx/RelWithDebInfo/1i4p5v6e/arm64-v8a/CMakeFiles/CMakeTmp/CheckSymbolExists.c
/Users/davidframpton/Documents/blockheads2/katipoBrowser/waraki/android/app/.cxx/RelWithDebInfo/1i4p5v6e/arm64-v8a/CMakeFiles/CMakeTmp/CheckSymbolExists.c:26:19: error: call to undeclared library function 'rindex' with type 'char *(const char *, int)'; ISO C99 and later do not support implicit function declarations [-Wimplicit-function-declaration]
   26 |   return ((int*)(&rindex))[argc];
      |                   ^
/Users/davidframpton/Documents/blockheads2/katipoBrowser/waraki/android/app/.cxx/RelWithDebInfo/1i4p5v6e/arm64-v8a/CMakeFiles/CMakeTmp/CheckSymbolExists.c:26:19: note: include the header <strings.h> or explicitly provide a declaration for 'rindex'
1 error generated.
ninja: build stopped: subcommand failed.


File /Users/davidframpton/Documents/blockheads2/katipoBrowser/waraki/android/app/.cxx/RelWithDebInfo/1i4p5v6e/arm64-v8a/CMakeFiles/CMakeTmp/CheckSymbolExists.c:
/* */
#include <float.h>
#include <iconv.h>
#include <inttypes.h>
#include <limits.h>
#include <malloc.h>
#include <math.h>
#include <memory.h>
#include <signal.h>
#include <stdarg.h>
#include <stdbool.h>
#include <stddef.h>
#include <stdint.h>
#include <stdio.h>
#include <stdlib.h>
#include <string.h>
#include <strings.h>
#include <sys/types.h>
#include <time.h>
#include <wchar.h>

int main(int argc, char** argv)
{
  (void)argv;
#ifndef rindex
  return ((int*)(&rindex))[argc];
#else
  (void)argc;
  return 0;
#endif
}
Determining if the sqr exist failed with the following output:
Change Dir: /Users/davidframpton/Documents/blockheads2/katipoBrowser/waraki/android/app/.cxx/RelWithDebInfo/1i4p5v6e/arm64-v8a/CMakeFiles/CMakeTmp

Run Build Command(s):/Users/davidframpton/Library/Android/sdk/cmake/3.22.1/bin/ninja cmTC_12af2 && [1/2] Building C object CMakeFiles/cmTC_12af2.dir/CheckSymbolExists.c.o
FAILED: CMakeFiles/cmTC_12af2.dir/CheckSymbolExists.c.o 
/Users/davidframpton/Library/Android/sdk/ndk/28.2.13676358/toolchains/llvm/prebuilt/darwin-x86_64/bin/clang --target=aarch64-none-linux-android21 --sysroot=/Users/davidframpton/Library/Android/sdk/ndk/28.2.13676358/toolchains/llvm/prebuilt/darwin-x86_64/sysroot   -g -DANDROID -fdata-sections -ffunction-sections -funwind-tables -fstack-protector-strong -no-canonical-prefixes -D_FORTIFY_SOURCE=2 -Wformat -Werror=format-security   -D_GNU_SOURCE=1 -fPIE -MD -MT CMakeFiles/cmTC_12af2.dir/CheckSymbolExists.c.o -MF CMakeFiles/cmTC_12af2.dir/CheckSymbolExists.c.o.d -o CMakeFiles/cmTC_12af2.dir/CheckSymbolExists.c.o -c /Users/davidframpton/Documents/blockheads2/katipoBrowser/waraki/android/app/.cxx/RelWithDebInfo/1i4p5v6e/arm64-v8a/CMakeFiles/CMakeTmp/CheckSymbolExists.c
/Users/davidframpton/Documents/blockheads2/katipoBrowser/waraki/android/app/.cxx/RelWithDebInfo/1i4p5v6e/arm64-v8a/CMakeFiles/CMakeTmp/CheckSymbolExists.c:26:19: error: use of undeclared identifier 'sqr'; did you mean 'sqrt'?
   26 |   return ((int*)(&sqr))[argc];
      |                   ^~~
      |                   sqrt
/Users/davidframpton/Library/Android/sdk/ndk/28.2.13676358/toolchains/llvm/prebuilt/darwin-x86_64/sysroot/usr/include/math.h:197:8: note: 'sqrt' declared here
  197 | double sqrt(double __x);
      |        ^
1 error generated.
ninja: build stopped: subcommand failed.


File /Users/davidframpton/Documents/blockheads2/katipoBrowser/waraki/android/app/.cxx/RelWithDebInfo/1i4p5v6e/arm64-v8a/CMakeFiles/CMakeTmp/CheckSymbolExists.c:
/* */
#include <float.h>
#include <iconv.h>
#include <inttypes.h>
#include <limits.h>
#include <malloc.h>
#include <math.h>
#include <memory.h>
#include <signal.h>
#include <stdarg.h>
#include <stdbool.h>
#include <stddef.h>
#include <stdint.h>
#include <stdio.h>
#include <stdlib.h>
#include <string.h>
#include <strings.h>
#include <sys/types.h>
#include <time.h>
#include <wchar.h>

int main(int argc, char** argv)
{
  (void)argv;
#ifndef sqr
  return ((int*)(&sqr))[argc];
#else
  (void)argc;
  return 0;
#endif
}
Determining if the strnstr exist failed with the following output:
Change Dir: /Users/davidframpton/Documents/blockheads2/katipoBrowser/waraki/android/app/.cxx/RelWithDebInfo/1i4p5v6e/arm64-v8a/CMakeFiles/CMakeTmp

Run Build Command(s):/Users/davidframpton/Library/Android/sdk/cmake/3.22.1/bin/ninja cmTC_92c7b && [1/2] Building C object CMakeFiles/cmTC_92c7b.dir/CheckSymbolExists.c.o
FAILED: CMakeFiles/cmTC_92c7b.dir/CheckSymbolExists.c.o 
/Users/davidframpton/Library/Android/sdk/ndk/28.2.13676358/toolchains/llvm/prebuilt/darwin-x86_64/bin/clang --target=aarch64-none-linux-android21 --sysroot=/Users/davidframpton/Library/Android/sdk/ndk/28.2.13676358/toolchains/llvm/prebuilt/darwin-x86_64/sysroot   -g -DANDROID -fdata-sections -ffunction-sections -funwind-tables -fstack-protector-strong -no-canonical-prefixes -D_FORTIFY_SOURCE=2 -Wformat -Werror=format-security   -D_GNU_SOURCE=1 -fPIE -MD -MT CMakeFiles/cmTC_92c7b.dir/CheckSymbolExists.c.o -MF CMakeFiles/cmTC_92c7b.dir/CheckSymbolExists.c.o.d -o CMakeFiles/cmTC_92c7b.dir/CheckSymbolExists.c.o -c /Users/davidframpton/Documents/blockheads2/katipoBrowser/waraki/android/app/.cxx/RelWithDebInfo/1i4p5v6e/arm64-v8a/CMakeFiles/CMakeTmp/CheckSymbolExists.c
/Users/davidframpton/Documents/blockheads2/katipoBrowser/waraki/android/app/.cxx/RelWithDebInfo/1i4p5v6e/arm64-v8a/CMakeFiles/CMakeTmp/CheckSymbolExists.c:26:19: error: use of undeclared identifier 'strnstr'; did you mean 'strstr'?
   26 |   return ((int*)(&strnstr))[argc];
      |                   ^~~~~~~
      |                   strstr
/Users/davidframpton/Library/Android/sdk/ndk/28.2.13676358/toolchains/llvm/prebuilt/darwin-x86_64/sysroot/usr/include/string.h:117:17: note: 'strstr' declared here
  117 | char* _Nullable strstr(const char* _Nonnull __haystack, const char* _Nonnull __needle) __attribute_pure__;
      |                 ^
1 error generated.
ninja: build stopped: subcommand failed.


File /Users/davidframpton/Documents/blockheads2/katipoBrowser/waraki/android/app/.cxx/RelWithDebInfo/1i4p5v6e/arm64-v8a/CMakeFiles/CMakeTmp/CheckSymbolExists.c:
/* */
#include <float.h>
#include <iconv.h>
#include <inttypes.h>
#include <limits.h>
#include <malloc.h>
#include <math.h>
#include <memory.h>
#include <signal.h>
#include <stdarg.h>
#include <stdbool.h>
#include <stddef.h>
#include <stdint.h>
#include <stdio.h>
#include <stdlib.h>
#include <string.h>
#include <strings.h>
#include <sys/types.h>
#include <time.h>
#include <wchar.h>

int main(int argc, char** argv)
{
  (void)argv;
#ifndef strnstr
  return ((int*)(&strnstr))[argc];
#else
  (void)argc;
  return 0;
#endif
}
Determining if the sigtimedwait exist failed with the following output:
Change Dir: /Users/davidframpton/Documents/blockheads2/katipoBrowser/waraki/android/app/.cxx/RelWithDebInfo/1i4p5v6e/arm64-v8a/CMakeFiles/CMakeTmp

Run Build Command(s):/Users/davidframpton/Library/Android/sdk/cmake/3.22.1/bin/ninja cmTC_5e865 && [1/2] Building C object CMakeFiles/cmTC_5e865.dir/CheckSymbolExists.c.o
FAILED: CMakeFiles/cmTC_5e865.dir/CheckSymbolExists.c.o 
/Users/davidframpton/Library/Android/sdk/ndk/28.2.13676358/toolchains/llvm/prebuilt/darwin-x86_64/bin/clang --target=aarch64-none-linux-android21 --sysroot=/Users/davidframpton/Library/Android/sdk/ndk/28.2.13676358/toolchains/llvm/prebuilt/darwin-x86_64/sysroot   -g -DANDROID -fdata-sections -ffunction-sections -funwind-tables -fstack-protector-strong -no-canonical-prefixes -D_FORTIFY_SOURCE=2 -Wformat -Werror=format-security   -D_GNU_SOURCE=1 -fPIE -MD -MT CMakeFiles/cmTC_5e865.dir/CheckSymbolExists.c.o -MF CMakeFiles/cmTC_5e865.dir/CheckSymbolExists.c.o.d -o CMakeFiles/cmTC_5e865.dir/CheckSymbolExists.c.o -c /Users/davidframpton/Documents/blockheads2/katipoBrowser/waraki/android/app/.cxx/RelWithDebInfo/1i4p5v6e/arm64-v8a/CMakeFiles/CMakeTmp/CheckSymbolExists.c
/Users/davidframpton/Documents/blockheads2/katipoBrowser/waraki/android/app/.cxx/RelWithDebInfo/1i4p5v6e/arm64-v8a/CMakeFiles/CMakeTmp/CheckSymbolExists.c:8:19: error: use of undeclared identifier 'sigtimedwait'
    8 |   return ((int*)(&sigtimedwait))[argc];
      |                   ^
1 error generated.
ninja: build stopped: subcommand failed.


File /Users/davidframpton/Documents/blockheads2/katipoBrowser/waraki/android/app/.cxx/RelWithDebInfo/1i4p5v6e/arm64-v8a/CMakeFiles/CMakeTmp/CheckSymbolExists.c:
/* */
#include <signal.h>

int main(int argc, char** argv)
{
  (void)argv;
#ifndef sigtimedwait
  return ((int*)(&sigtimedwait))[argc];
#else
  (void)argc;
  return 0;
#endif
}
Determining if the nl_langinfo exist failed with the following output:
Change Dir: /Users/davidframpton/Documents/blockheads2/katipoBrowser/waraki/android/app/.cxx/RelWithDebInfo/1i4p5v6e/arm64-v8a/CMakeFiles/CMakeTmp

Run Build Command(s):/Users/davidframpton/Library/Android/sdk/cmake/3.22.1/bin/ninja cmTC_00021 && [1/2] Building C object CMakeFiles/cmTC_00021.dir/CheckSymbolExists.c.o
FAILED: CMakeFiles/cmTC_00021.dir/CheckSymbolExists.c.o 
/Users/davidframpton/Library/Android/sdk/ndk/28.2.13676358/toolchains/llvm/prebuilt/darwin-x86_64/bin/clang --target=aarch64-none-linux-android21 --sysroot=/Users/davidframpton/Library/Android/sdk/ndk/28.2.13676358/toolchains/llvm/prebuilt/darwin-x86_64/sysroot   -g -DANDROID -fdata-sections -ffunction-sections -funwind-tables -fstack-protector-strong -no-canonical-prefixes -D_FORTIFY_SOURCE=2 -Wformat -Werror=format-security   -D_GNU_SOURCE=1 -fPIE -MD -MT CMakeFiles/cmTC_00021.dir/CheckSymbolExists.c.o -MF CMakeFiles/cmTC_00021.dir/CheckSymbolExists.c.o.d -o CMakeFiles/cmTC_00021.dir/CheckSymbolExists.c.o -c /Users/davidframpton/Documents/blockheads2/katipoBrowser/waraki/android/app/.cxx/RelWithDebInfo/1i4p5v6e/arm64-v8a/CMakeFiles/CMakeTmp/CheckSymbolExists.c
/Users/davidframpton/Documents/blockheads2/katipoBrowser/waraki/android/app/.cxx/RelWithDebInfo/1i4p5v6e/arm64-v8a/CMakeFiles/CMakeTmp/CheckSymbolExists.c:8:19: error: use of undeclared identifier 'nl_langinfo'
    8 |   return ((int*)(&nl_langinfo))[argc];
      |                   ^
1 error generated.
ninja: build stopped: subcommand failed.


File /Users/davidframpton/Documents/blockheads2/katipoBrowser/waraki/android/app/.cxx/RelWithDebInfo/1i4p5v6e/arm64-v8a/CMakeFiles/CMakeTmp/CheckSymbolExists.c:
/* */
#include <langinfo.h>

int main(int argc, char** argv)
{
  (void)argv;
#ifndef nl_langinfo
  return ((int*)(&nl_langinfo))[argc];
#else
  (void)argc;
  return 0;
#endif
}
Determining if the sysctlbyname exist failed with the following output:
Change Dir: /Users/davidframpton/Documents/blockheads2/katipoBrowser/waraki/android/app/.cxx/RelWithDebInfo/1i4p5v6e/arm64-v8a/CMakeFiles/CMakeTmp

Run Build Command(s):/Users/davidframpton/Library/Android/sdk/cmake/3.22.1/bin/ninja cmTC_4c740 && [1/2] Building C object CMakeFiles/cmTC_4c740.dir/CheckSymbolExists.c.o
FAILED: CMakeFiles/cmTC_4c740.dir/CheckSymbolExists.c.o 
/Users/davidframpton/Library/Android/sdk/ndk/28.2.13676358/toolchains/llvm/prebuilt/darwin-x86_64/bin/clang --target=aarch64-none-linux-android21 --sysroot=/Users/davidframpton/Library/Android/sdk/ndk/28.2.13676358/toolchains/llvm/prebuilt/darwin-x86_64/sysroot   -g -DANDROID -fdata-sections -ffunction-sections -funwind-tables -fstack-protector-strong -no-canonical-prefixes -D_FORTIFY_SOURCE=2 -Wformat -Werror=format-security   -D_GNU_SOURCE=1 -fPIE -MD -MT CMakeFiles/cmTC_4c740.dir/CheckSymbolExists.c.o -MF CMakeFiles/cmTC_4c740.dir/CheckSymbolExists.c.o.d -o CMakeFiles/cmTC_4c740.dir/CheckSymbolExists.c.o -c /Users/davidframpton/Documents/blockheads2/katipoBrowser/waraki/android/app/.cxx/RelWithDebInfo/1i4p5v6e/arm64-v8a/CMakeFiles/CMakeTmp/CheckSymbolExists.c
/Users/davidframpton/Documents/blockheads2/katipoBrowser/waraki/android/app/.cxx/RelWithDebInfo/1i4p5v6e/arm64-v8a/CMakeFiles/CMakeTmp/CheckSymbolExists.c:3:10: fatal error: 'sys/sysctl.h' file not found
    3 | #include <sys/sysctl.h>
      |          ^~~~~~~~~~~~~~
1 error generated.
ninja: build stopped: subcommand failed.


File /Users/davidframpton/Documents/blockheads2/katipoBrowser/waraki/android/app/.cxx/RelWithDebInfo/1i4p5v6e/arm64-v8a/CMakeFiles/CMakeTmp/CheckSymbolExists.c:
/* */
#include <sys/types.h>
#include <sys/sysctl.h>

int main(int argc, char** argv)
{
  (void)argv;
#ifndef sysctlbyname
  return ((int*)(&sysctlbyname))[argc];
#else
  (void)argc;
  return 0;
#endif
}
Determining if the elf_aux_info exist failed with the following output:
Change Dir: /Users/davidframpton/Documents/blockheads2/katipoBrowser/waraki/android/app/.cxx/RelWithDebInfo/1i4p5v6e/arm64-v8a/CMakeFiles/CMakeTmp

Run Build Command(s):/Users/davidframpton/Library/Android/sdk/cmake/3.22.1/bin/ninja cmTC_3ceeb && [1/2] Building C object CMakeFiles/cmTC_3ceeb.dir/CheckSymbolExists.c.o
FAILED: CMakeFiles/cmTC_3ceeb.dir/CheckSymbolExists.c.o 
/Users/davidframpton/Library/Android/sdk/ndk/28.2.13676358/toolchains/llvm/prebuilt/darwin-x86_64/bin/clang --target=aarch64-none-linux-android21 --sysroot=/Users/davidframpton/Library/Android/sdk/ndk/28.2.13676358/toolchains/llvm/prebuilt/darwin-x86_64/sysroot   -g -DANDROID -fdata-sections -ffunction-sections -funwind-tables -fstack-protector-strong -no-canonical-prefixes -D_FORTIFY_SOURCE=2 -Wformat -Werror=format-security   -D_GNU_SOURCE=1 -fPIE -MD -MT CMakeFiles/cmTC_3ceeb.dir/CheckSymbolExists.c.o -MF CMakeFiles/cmTC_3ceeb.dir/CheckSymbolExists.c.o.d -o CMakeFiles/cmTC_3ceeb.dir/CheckSymbolExists.c.o -c /Users/davidframpton/Documents/blockheads2/katipoBrowser/waraki/android/app/.cxx/RelWithDebInfo/1i4p5v6e/arm64-v8a/CMakeFiles/CMakeTmp/CheckSymbolExists.c
/Users/davidframpton/Documents/blockheads2/katipoBrowser/waraki/android/app/.cxx/RelWithDebInfo/1i4p5v6e/arm64-v8a/CMakeFiles/CMakeTmp/CheckSymbolExists.c:8:19: error: use of undeclared identifier 'elf_aux_info'
    8 |   return ((int*)(&elf_aux_info))[argc];
      |                   ^
1 error generated.
ninja: build stopped: subcommand failed.


File /Users/davidframpton/Documents/blockheads2/katipoBrowser/waraki/android/app/.cxx/RelWithDebInfo/1i4p5v6e/arm64-v8a/CMakeFiles/CMakeTmp/CheckSymbolExists.c:
/* */
#include <sys/auxv.h>

int main(int argc, char** argv)
{
  (void)argv;
#ifndef elf_aux_info
  return ((int*)(&elf_aux_info))[argc];
#else
  (void)argc;
  return 0;
#endif
}
Determining if the memfd_create exist failed with the following output:
Change Dir: /Users/davidframpton/Documents/blockheads2/katipoBrowser/waraki/android/app/.cxx/RelWithDebInfo/1i4p5v6e/arm64-v8a/CMakeFiles/CMakeTmp

Run Build Command(s):/Users/davidframpton/Library/Android/sdk/cmake/3.22.1/bin/ninja cmTC_faa68 && [1/2] Building C object CMakeFiles/cmTC_faa68.dir/CheckSymbolExists.c.o
FAILED: CMakeFiles/cmTC_faa68.dir/CheckSymbolExists.c.o 
/Users/davidframpton/Library/Android/sdk/ndk/28.2.13676358/toolchains/llvm/prebuilt/darwin-x86_64/bin/clang --target=aarch64-none-linux-android21 --sysroot=/Users/davidframpton/Library/Android/sdk/ndk/28.2.13676358/toolchains/llvm/prebuilt/darwin-x86_64/sysroot   -g -DANDROID -fdata-sections -ffunction-sections -funwind-tables -fstack-protector-strong -no-canonical-prefixes -D_FORTIFY_SOURCE=2 -Wformat -Werror=format-security   -D_GNU_SOURCE=1 -fPIE -MD -MT CMakeFiles/cmTC_faa68.dir/CheckSymbolExists.c.o -MF CMakeFiles/cmTC_faa68.dir/CheckSymbolExists.c.o.d -o CMakeFiles/cmTC_faa68.dir/CheckSymbolExists.c.o -c /Users/davidframpton/Documents/blockheads2/katipoBrowser/waraki/android/app/.cxx/RelWithDebInfo/1i4p5v6e/arm64-v8a/CMakeFiles/CMakeTmp/CheckSymbolExists.c
/Users/davidframpton/Documents/blockheads2/katipoBrowser/waraki/android/app/.cxx/RelWithDebInfo/1i4p5v6e/arm64-v8a/CMakeFiles/CMakeTmp/CheckSymbolExists.c:8:19: error: use of undeclared identifier 'memfd_create'
    8 |   return ((int*)(&memfd_create))[argc];
      |                   ^
1 error generated.
ninja: build stopped: subcommand failed.


File /Users/davidframpton/Documents/blockheads2/katipoBrowser/waraki/android/app/.cxx/RelWithDebInfo/1i4p5v6e/arm64-v8a/CMakeFiles/CMakeTmp/CheckSymbolExists.c:
/* */
#include <sys/mman.h>

int main(int argc, char** argv)
{
  (void)argv;
#ifndef memfd_create
  return ((int*)(&memfd_create))[argc];
#else
  (void)argc;
  return 0;
#endif
}
Determining if the posix_spawn_file_actions_addchdir exist failed with the following output:
Change Dir: /Users/davidframpton/Documents/blockheads2/katipoBrowser/waraki/android/app/.cxx/RelWithDebInfo/1i4p5v6e/arm64-v8a/CMakeFiles/CMakeTmp

Run Build Command(s):/Users/davidframpton/Library/Android/sdk/cmake/3.22.1/bin/ninja cmTC_dcd23 && [1/2] Building C object CMakeFiles/cmTC_dcd23.dir/CheckSymbolExists.c.o
FAILED: CMakeFiles/cmTC_dcd23.dir/CheckSymbolExists.c.o 
/Users/davidframpton/Library/Android/sdk/ndk/28.2.13676358/toolchains/llvm/prebuilt/darwin-x86_64/bin/clang --target=aarch64-none-linux-android21 --sysroot=/Users/davidframpton/Library/Android/sdk/ndk/28.2.13676358/toolchains/llvm/prebuilt/darwin-x86_64/sysroot   -g -DANDROID -fdata-sections -ffunction-sections -funwind-tables -fstack-protector-strong -no-canonical-prefixes -D_FORTIFY_SOURCE=2 -Wformat -Werror=format-security   -D_GNU_SOURCE=1 -fPIE -MD -MT CMakeFiles/cmTC_dcd23.dir/CheckSymbolExists.c.o -MF CMakeFiles/cmTC_dcd23.dir/CheckSymbolExists.c.o.d -o CMakeFiles/cmTC_dcd23.dir/CheckSymbolExists.c.o -c /Users/davidframpton/Documents/blockheads2/katipoBrowser/waraki/android/app/.cxx/RelWithDebInfo/1i4p5v6e/arm64-v8a/CMakeFiles/CMakeTmp/CheckSymbolExists.c
/Users/davidframpton/Documents/blockheads2/katipoBrowser/waraki/android/app/.cxx/RelWithDebInfo/1i4p5v6e/arm64-v8a/CMakeFiles/CMakeTmp/CheckSymbolExists.c:8:19: error: use of undeclared identifier 'posix_spawn_file_actions_addchdir'
    8 |   return ((int*)(&posix_spawn_file_actions_addchdir))[argc];
      |                   ^
1 error generated.
ninja: build stopped: subcommand failed.


File /Users/davidframpton/Documents/blockheads2/katipoBrowser/waraki/android/app/.cxx/RelWithDebInfo/1i4p5v6e/arm64-v8a/CMakeFiles/CMakeTmp/CheckSymbolExists.c:
/* */
#include <spawn.h>

int main(int argc, char** argv)
{
  (void)argv;
#ifndef posix_spawn_file_actions_addchdir
  return ((int*)(&posix_spawn_file_actions_addchdir))[argc];
#else
  (void)argc;
  return 0;
#endif
}
Determining if the posix_spawn_file_actions_addchdir_np exist failed with the following output:
Change Dir: /Users/davidframpton/Documents/blockheads2/katipoBrowser/waraki/android/app/.cxx/RelWithDebInfo/1i4p5v6e/arm64-v8a/CMakeFiles/CMakeTmp

Run Build Command(s):/Users/davidframpton/Library/Android/sdk/cmake/3.22.1/bin/ninja cmTC_b8a11 && [1/2] Building C object CMakeFiles/cmTC_b8a11.dir/CheckSymbolExists.c.o
FAILED: CMakeFiles/cmTC_b8a11.dir/CheckSymbolExists.c.o 
/Users/davidframpton/Library/Android/sdk/ndk/28.2.13676358/toolchains/llvm/prebuilt/darwin-x86_64/bin/clang --target=aarch64-none-linux-android21 --sysroot=/Users/davidframpton/Library/Android/sdk/ndk/28.2.13676358/toolchains/llvm/prebuilt/darwin-x86_64/sysroot   -g -DANDROID -fdata-sections -ffunction-sections -funwind-tables -fstack-protector-strong -no-canonical-prefixes -D_FORTIFY_SOURCE=2 -Wformat -Werror=format-security   -D_GNU_SOURCE=1 -fPIE -MD -MT CMakeFiles/cmTC_b8a11.dir/CheckSymbolExists.c.o -MF CMakeFiles/cmTC_b8a11.dir/CheckSymbolExists.c.o.d -o CMakeFiles/cmTC_b8a11.dir/CheckSymbolExists.c.o -c /Users/davidframpton/Documents/blockheads2/katipoBrowser/waraki/android/app/.cxx/RelWithDebInfo/1i4p5v6e/arm64-v8a/CMakeFiles/CMakeTmp/CheckSymbolExists.c
/Users/davidframpton/Documents/blockheads2/katipoBrowser/waraki/android/app/.cxx/RelWithDebInfo/1i4p5v6e/arm64-v8a/CMakeFiles/CMakeTmp/CheckSymbolExists.c:8:19: error: use of undeclared identifier 'posix_spawn_file_actions_addchdir_np'
    8 |   return ((int*)(&posix_spawn_file_actions_addchdir_np))[argc];
      |                   ^
1 error generated.
ninja: build stopped: subcommand failed.


File /Users/davidframpton/Documents/blockheads2/katipoBrowser/waraki/android/app/.cxx/RelWithDebInfo/1i4p5v6e/arm64-v8a/CMakeFiles/CMakeTmp/CheckSymbolExists.c:
/* */
#include <spawn.h>

int main(int argc, char** argv)
{
  (void)argv;
#ifndef posix_spawn_file_actions_addchdir_np
  return ((int*)(&posix_spawn_file_actions_addchdir_np))[argc];
#else
  (void)argc;
  return 0;
#endif
}
Performing C SOURCE FILE Test ICONV_IN_LIBC failed with the following output:
Change Dir: /Users/davidframpton/Documents/blockheads2/katipoBrowser/waraki/android/app/.cxx/RelWithDebInfo/1i4p5v6e/arm64-v8a/CMakeFiles/CMakeTmp

Run Build Command(s):/Users/davidframpton/Library/Android/sdk/cmake/3.22.1/bin/ninja cmTC_e2965 && [1/2] Building C object CMakeFiles/cmTC_e2965.dir/src.c.o
FAILED: CMakeFiles/cmTC_e2965.dir/src.c.o 
/Users/davidframpton/Library/Android/sdk/ndk/28.2.13676358/toolchains/llvm/prebuilt/darwin-x86_64/bin/clang --target=aarch64-none-linux-android21 --sysroot=/Users/davidframpton/Library/Android/sdk/ndk/28.2.13676358/toolchains/llvm/prebuilt/darwin-x86_64/sysroot -DICONV_IN_LIBC  -g -DANDROID -fdata-sections -ffunction-sections -funwind-tables -fstack-protector-strong -no-canonical-prefixes -D_FORTIFY_SOURCE=2 -Wformat -Werror=format-security   -D_GNU_SOURCE=1 -fPIE -MD -MT CMakeFiles/cmTC_e2965.dir/src.c.o -MF CMakeFiles/cmTC_e2965.dir/src.c.o.d -o CMakeFiles/cmTC_e2965.dir/src.c.o -c /Users/davidframpton/Documents/blockheads2/katipoBrowser/waraki/android/app/.cxx/RelWithDebInfo/1i4p5v6e/arm64-v8a/CMakeFiles/CMakeTmp/src.c
/Users/davidframpton/Documents/blockheads2/katipoBrowser/waraki/android/app/.cxx/RelWithDebInfo/1i4p5v6e/arm64-v8a/CMakeFiles/CMakeTmp/src.c:6:21: error: call to undeclared function 'iconv_open'; ISO C99 and later do not support implicit function declarations [-Wimplicit-function-declaration]
    6 |             return !iconv_open(NULL,NULL);
      |                     ^
1 error generated.
ninja: build stopped: subcommand failed.


Source file was:

        #define LIBICONV_PLUG 1 /* in case libiconv header is in include path */
        #include <stddef.h>
        #include <iconv.h>
        int main(int argc, char **argv) {
            return !iconv_open(NULL,NULL);
        }
Performing C SOURCE FILE Test ICONV_IN_LIBICONV failed with the following output:
Change Dir: /Users/davidframpton/Documents/blockheads2/katipoBrowser/waraki/android/app/.cxx/RelWithDebInfo/1i4p5v6e/arm64-v8a/CMakeFiles/CMakeTmp

Run Build Command(s):/Users/davidframpton/Library/Android/sdk/cmake/3.22.1/bin/ninja cmTC_14461 && [1/2] Building C object CMakeFiles/cmTC_14461.dir/src.c.o
FAILED: CMakeFiles/cmTC_14461.dir/src.c.o 
/Users/davidframpton/Library/Android/sdk/ndk/28.2.13676358/toolchains/llvm/prebuilt/darwin-x86_64/bin/clang --target=aarch64-none-linux-android21 --sysroot=/Users/davidframpton/Library/Android/sdk/ndk/28.2.13676358/toolchains/llvm/prebuilt/darwin-x86_64/sysroot -DICONV_IN_LIBICONV  -g -DANDROID -fdata-sections -ffunction-sections -funwind-tables -fstack-protector-strong -no-canonical-prefixes -D_FORTIFY_SOURCE=2 -Wformat -Werror=format-security   -D_GNU_SOURCE=1 -fPIE -MD -MT CMakeFiles/cmTC_14461.dir/src.c.o -MF CMakeFiles/cmTC_14461.dir/src.c.o.d -o CMakeFiles/cmTC_14461.dir/src.c.o -c /Users/davidframpton/Documents/blockheads2/katipoBrowser/waraki/android/app/.cxx/RelWithDebInfo/1i4p5v6e/arm64-v8a/CMakeFiles/CMakeTmp/src.c
/Users/davidframpton/Documents/blockheads2/katipoBrowser/waraki/android/app/.cxx/RelWithDebInfo/1i4p5v6e/arm64-v8a/CMakeFiles/CMakeTmp/src.c:5:21: error: call to undeclared function 'iconv_open'; ISO C99 and later do not support implicit function declarations [-Wimplicit-function-declaration]
    5 |             return !iconv_open(NULL,NULL);
      |                     ^
1 error generated.
ninja: build stopped: subcommand failed.


Source file was:

        #include <stddef.h>
        #include <iconv.h>
        int main(int argc, char **argv) {
            return !iconv_open(NULL,NULL);
        }
Performing C SOURCE FILE Test HAVE_ARM_MODE failed with the following output:
Change Dir: /Users/davidframpton/Documents/blockheads2/katipoBrowser/waraki/android/app/.cxx/RelWithDebInfo/1i4p5v6e/arm64-v8a/CMakeFiles/CMakeTmp

Run Build Command(s):/Users/davidframpton/Library/Android/sdk/cmake/3.22.1/bin/ninja cmTC_da854 && [1/2] Building C object CMakeFiles/cmTC_da854.dir/src.c.o
FAILED: CMakeFiles/cmTC_da854.dir/src.c.o 
/Users/davidframpton/Library/Android/sdk/ndk/28.2.13676358/toolchains/llvm/prebuilt/darwin-x86_64/bin/clang --target=aarch64-none-linux-android21 --sysroot=/Users/davidframpton/Library/Android/sdk/ndk/28.2.13676358/toolchains/llvm/prebuilt/darwin-x86_64/sysroot -DHAVE_ARM_MODE  -g -DANDROID -fdata-sections -ffunction-sections -funwind-tables -fstack-protector-strong -no-canonical-prefixes -D_FORTIFY_SOURCE=2 -Wformat -Werror=format-security   -D_GNU_SOURCE=1 -Werror=unused-command-line-argument -fPIE   -marm -MD -MT CMakeFiles/cmTC_da854.dir/src.c.o -MF CMakeFiles/cmTC_da854.dir/src.c.o.d -o CMakeFiles/cmTC_da854.dir/src.c.o -c /Users/davidframpton/Documents/blockheads2/katipoBrowser/waraki/android/app/.cxx/RelWithDebInfo/1i4p5v6e/arm64-v8a/CMakeFiles/CMakeTmp/src.c
clang: error: unsupported option '-mno-thumb' for target 'aarch64-none-linux-android21'
ninja: build stopped: subcommand failed.


Source file was:
int main(void) { return 0; }
Determining if the include file pthread_np.h exists failed with the following output:
Change Dir: /Users/davidframpton/Documents/blockheads2/katipoBrowser/waraki/android/app/.cxx/RelWithDebInfo/1i4p5v6e/arm64-v8a/CMakeFiles/CMakeTmp

Run Build Command(s):/Users/davidframpton/Library/Android/sdk/cmake/3.22.1/bin/ninja cmTC_7b7b0 && [1/2] Building C object CMakeFiles/cmTC_7b7b0.dir/CheckIncludeFile.c.o
FAILED: CMakeFiles/cmTC_7b7b0.dir/CheckIncludeFile.c.o 
/Users/davidframpton/Library/Android/sdk/ndk/28.2.13676358/toolchains/llvm/prebuilt/darwin-x86_64/bin/clang --target=aarch64-none-linux-android21 --sysroot=/Users/davidframpton/Library/Android/sdk/ndk/28.2.13676358/toolchains/llvm/prebuilt/darwin-x86_64/sysroot   -g -DANDROID -fdata-sections -ffunction-sections -funwind-tables -fstack-protector-strong -no-canonical-prefixes -D_FORTIFY_SOURCE=2 -Wformat -Werror=format-security   -D_GNU_SOURCE=1 -fPIE -MD -MT CMakeFiles/cmTC_7b7b0.dir/CheckIncludeFile.c.o -MF CMakeFiles/cmTC_7b7b0.dir/CheckIncludeFile.c.o.d -o CMakeFiles/cmTC_7b7b0.dir/CheckIncludeFile.c.o -c /Users/davidframpton/Documents/blockheads2/katipoBrowser/waraki/android/app/.cxx/RelWithDebInfo/1i4p5v6e/arm64-v8a/CMakeFiles/CMakeTmp/CheckIncludeFile.c
/Users/davidframpton/Documents/blockheads2/katipoBrowser/waraki/android/app/.cxx/RelWithDebInfo/1i4p5v6e/arm64-v8a/CMakeFiles/CMakeTmp/CheckIncludeFile.c:1:10: fatal error: 'pthread_np.h' file not found
    1 | #include <pthread_np.h>
      |          ^~~~~~~~~~~~~~
1 error generated.
ninja: build stopped: subcommand failed.



