Determining if the __GLIBC__ exist failed with the following output:
Change Dir: /Users/davidframpton/Documents/blockheads2/katipoBrowser/waraki/android/app/.cxx/Debug/6y6q4d60/arm64-v8a/CMakeFiles/CMakeTmp

Run Build Command(s):/Users/davidframpton/Library/Android/sdk/cmake/3.22.1/bin/ninja cmTC_80a43 && [1/2] Building C object CMakeFiles/cmTC_80a43.dir/CheckSymbolExists.c.o
FAILED: CMakeFiles/cmTC_80a43.dir/CheckSymbolExists.c.o 
/Users/davidframpton/Library/Android/sdk/ndk/28.2.13676358/toolchains/llvm/prebuilt/darwin-x86_64/bin/clang --target=aarch64-none-linux-android24 --sysroot=/Users/davidframpton/Library/Android/sdk/ndk/28.2.13676358/toolchains/llvm/prebuilt/darwin-x86_64/sysroot   -g -DANDROID -fdata-sections -ffunction-sections -funwind-tables -fstack-protector-strong -no-canonical-prefixes -D_FORTIFY_SOURCE=2 -Wformat -Werror=format-security   -D_GNU_SOURCE=1 -fPIE -MD -MT CMakeFiles/cmTC_80a43.dir/CheckSymbolExists.c.o -MF CMakeFiles/cmTC_80a43.dir/CheckSymbolExists.c.o.d -o CMakeFiles/cmTC_80a43.dir/CheckSymbolExists.c.o -c /Users/davidframpton/Documents/blockheads2/katipoBrowser/waraki/android/app/.cxx/Debug/6y6q4d60/arm64-v8a/CMakeFiles/CMakeTmp/CheckSymbolExists.c
/Users/davidframpton/Documents/blockheads2/katipoBrowser/waraki/android/app/.cxx/Debug/6y6q4d60/arm64-v8a/CMakeFiles/CMakeTmp/CheckSymbolExists.c:8:19: error: use of undeclared identifier '__GLIBC__'
    8 |   return ((int*)(&__GLIBC__))[argc];
      |                   ^
1 error generated.
ninja: build stopped: subcommand failed.


File /Users/davidframpton/Documents/blockheads2/katipoBrowser/waraki/android/app/.cxx/Debug/6y6q4d60/arm64-v8a/CMakeFiles/CMakeTmp/CheckSymbolExists.c:
/* */
#include <stdlib.h>

int main(int argc, char** argv)
{
  (void)argv;
#ifndef __GLIBC__
  return ((int*)(&__GLIBC__))[argc];
#else
  (void)argc;
  return 0;
#endif
}
Determining if the _i64toa exist failed with the following output:
Change Dir: /Users/davidframpton/Documents/blockheads2/katipoBrowser/waraki/android/app/.cxx/Debug/6y6q4d60/arm64-v8a/CMakeFiles/CMakeTmp

Run Build Command(s):/Users/davidframpton/Library/Android/sdk/cmake/3.22.1/bin/ninja cmTC_7f4b9 && [1/2] Building C object CMakeFiles/cmTC_7f4b9.dir/CheckSymbolExists.c.o
FAILED: CMakeFiles/cmTC_7f4b9.dir/CheckSymbolExists.c.o 
/Users/davidframpton/Library/Android/sdk/ndk/28.2.13676358/toolchains/llvm/prebuilt/darwin-x86_64/bin/clang --target=aarch64-none-linux-android24 --sysroot=/Users/davidframpton/Library/Android/sdk/ndk/28.2.13676358/toolchains/llvm/prebuilt/darwin-x86_64/sysroot   -g -DANDROID -fdata-sections -ffunction-sections -funwind-tables -fstack-protector-strong -no-canonical-prefixes -D_FORTIFY_SOURCE=2 -Wformat -Werror=format-security   -D_GNU_SOURCE=1 -fPIE -MD -MT CMakeFiles/cmTC_7f4b9.dir/CheckSymbolExists.c.o -MF CMakeFiles/cmTC_7f4b9.dir/CheckSymbolExists.c.o.d -o CMakeFiles/cmTC_7f4b9.dir/CheckSymbolExists.c.o -c /Users/davidframpton/Documents/blockheads2/katipoBrowser/waraki/android/app/.cxx/Debug/6y6q4d60/arm64-v8a/CMakeFiles/CMakeTmp/CheckSymbolExists.c
/Users/davidframpton/Documents/blockheads2/katipoBrowser/waraki/android/app/.cxx/Debug/6y6q4d60/arm64-v8a/CMakeFiles/CMakeTmp/CheckSymbolExists.c:26:19: error: use of undeclared identifier '_i64toa'
   26 |   return ((int*)(&_i64toa))[argc];
      |                   ^
1 error generated.
ninja: build stopped: subcommand failed.


File /Users/davidframpton/Documents/blockheads2/katipoBrowser/waraki/android/app/.cxx/Debug/6y6q4d60/arm64-v8a/CMakeFiles/CMakeTmp/CheckSymbolExists.c:
/* */
#include <float.h>
#include <iconv.h>
#include <inttypes.h>
#include <limits.h>
#include <malloc.h>
#include <math.h>
#include <memory.h>
#include <signal.h>
#include <stdarg.h>
#include <stdbool.h>
#include <stddef.h>
#include <stdint.h>
#include <stdio.h>
#include <stdlib.h>
#include <string.h>
#include <strings.h>
#include <sys/types.h>
#include <time.h>
#include <wchar.h>

int main(int argc, char** argv)
{
  (void)argv;
#ifndef _i64toa
  return ((int*)(&_i64toa))[argc];
#else
  (void)argc;
  return 0;
#endif
}
Determining if the index exist failed with the following output:
Change Dir: /Users/davidframpton/Documents/blockheads2/katipoBrowser/waraki/android/app/.cxx/Debug/6y6q4d60/arm64-v8a/CMakeFiles/CMakeTmp

Run Build Command(s):/Users/davidframpton/Library/Android/sdk/cmake/3.22.1/bin/ninja cmTC_4fa0b && [1/2] Building C object CMakeFiles/cmTC_4fa0b.dir/CheckSymbolExists.c.o
FAILED: CMakeFiles/cmTC_4fa0b.dir/CheckSymbolExists.c.o 
/Users/davidframpton/Library/Android/sdk/ndk/28.2.13676358/toolchains/llvm/prebuilt/darwin-x86_64/bin/clang --target=aarch64-none-linux-android24 --sysroot=/Users/davidframpton/Library/Android/sdk/ndk/28.2.13676358/toolchains/llvm/prebuilt/darwin-x86_64/sysroot   -g -DANDROID -fdata-sections -ffunction-sections -funwind-tables -fstack-protector-strong -no-canonical-prefixes -D_FORTIFY_SOURCE=2 -Wformat -Werror=format-security   -D_GNU_SOURCE=1 -fPIE -MD -MT CMakeFiles/cmTC_4fa0b.dir/CheckSymbolExists.c.o -MF CMakeFiles/cmTC_4fa0b.dir/CheckSymbolExists.c.o.d -o CMakeFiles/cmTC_4fa0b.dir/CheckSymbolExists.c.o -c /Users/davidframpton/Documents/blockheads2/katipoBrowser/waraki/android/app/.cxx/Debug/6y6q4d60/arm64-v8a/CMakeFiles/CMakeTmp/CheckSymbolExists.c
/Users/davidframpton/Documents/blockheads2/katipoBrowser/waraki/android/app/.cxx/Debug/6y6q4d60/arm64-v8a/CMakeFiles/CMakeTmp/CheckSymbolExists.c:26:19: error: call to undeclared library function 'index' with type 'char *(const char *, int)'; ISO C99 and later do not support implicit function declarations [-Wimplicit-function-declaration]
   26 |   return ((int*)(&index))[argc];
      |                   ^
/Users/davidframpton/Documents/blockheads2/katipoBrowser/waraki/android/app/.cxx/Debug/6y6q4d60/arm64-v8a/CMakeFiles/CMakeTmp/CheckSymbolExists.c:26:19: note: include the header <strings.h> or explicitly provide a declaration for 'index'
1 error generated.
ninja: build stopped: subcommand failed.


File /Users/davidframpton/Documents/blockheads2/katipoBrowser/waraki/android/app/.cxx/Debug/6y6q4d60/arm64-v8a/CMakeFiles/CMakeTmp/CheckSymbolExists.c:
/* */
#include <float.h>
#include <iconv.h>
#include <inttypes.h>
#include <limits.h>
#include <malloc.h>
#include <math.h>
#include <memory.h>
#include <signal.h>
#include <stdarg.h>
#include <stdbool.h>
#include <stddef.h>
#include <stdint.h>
#include <stdio.h>
#include <stdlib.h>
#include <string.h>
#include <strings.h>
#include <sys/types.h>
#include <time.h>
#include <wchar.h>

int main(int argc, char** argv)
{
  (void)argv;
#ifndef index
  return ((int*)(&index))[argc];
#else
  (void)argc;
  return 0;
#endif
}
Determining if the itoa exist failed with the following output:
Change Dir: /Users/davidframpton/Documents/blockheads2/katipoBrowser/waraki/android/app/.cxx/Debug/6y6q4d60/arm64-v8a/CMakeFiles/CMakeTmp

Run Build Command(s):/Users/davidframpton/Library/Android/sdk/cmake/3.22.1/bin/ninja cmTC_35041 && [1/2] Building C object CMakeFiles/cmTC_35041.dir/CheckSymbolExists.c.o
FAILED: CMakeFiles/cmTC_35041.dir/CheckSymbolExists.c.o 
/Users/davidframpton/Library/Android/sdk/ndk/28.2.13676358/toolchains/llvm/prebuilt/darwin-x86_64/bin/clang --target=aarch64-none-linux-android24 --sysroot=/Users/davidframpton/Library/Android/sdk/ndk/28.2.13676358/toolchains/llvm/prebuilt/darwin-x86_64/sysroot   -g -DANDROID -fdata-sections -ffunction-sections -funwind-tables -fstack-protector-strong -no-canonical-prefixes -D_FORTIFY_SOURCE=2 -Wformat -Werror=format-security   -D_GNU_SOURCE=1 -fPIE -MD -MT CMakeFiles/cmTC_35041.dir/CheckSymbolExists.c.o -MF CMakeFiles/cmTC_35041.dir/CheckSymbolExists.c.o.d -o CMakeFiles/cmTC_35041.dir/CheckSymbolExists.c.o -c /Users/davidframpton/Documents/blockheads2/katipoBrowser/waraki/android/app/.cxx/Debug/6y6q4d60/arm64-v8a/CMakeFiles/CMakeTmp/CheckSymbolExists.c
/Users/davidframpton/Documents/blockheads2/katipoBrowser/waraki/android/app/.cxx/Debug/6y6q4d60/arm64-v8a/CMakeFiles/CMakeTmp/CheckSymbolExists.c:26:19: error: use of undeclared identifier 'itoa'
   26 |   return ((int*)(&itoa))[argc];
      |                   ^
1 error generated.
ninja: build stopped: subcommand failed.


File /Users/davidframpton/Documents/blockheads2/katipoBrowser/waraki/android/app/.cxx/Debug/6y6q4d60/arm64-v8a/CMakeFiles/CMakeTmp/CheckSymbolExists.c:
/* */
#include <float.h>
#include <iconv.h>
#include <inttypes.h>
#include <limits.h>
#include <malloc.h>
#include <math.h>
#include <memory.h>
#include <signal.h>
#include <stdarg.h>
#include <stdbool.h>
#include <stddef.h>
#include <stdint.h>
#include <stdio.h>
#include <stdlib.h>
#include <string.h>
#include <strings.h>
#include <sys/types.h>
#include <time.h>
#include <wchar.h>

int main(int argc, char** argv)
{
  (void)argv;
#ifndef itoa
  return ((int*)(&itoa))[argc];
#else
  (void)argc;
  return 0;
#endif
}
Determining if the _ltoa exist failed with the following output:
Change Dir: /Users/davidframpton/Documents/blockheads2/katipoBrowser/waraki/android/app/.cxx/Debug/6y6q4d60/arm64-v8a/CMakeFiles/CMakeTmp

Run Build Command(s):/Users/davidframpton/Library/Android/sdk/cmake/3.22.1/bin/ninja cmTC_be827 && [1/2] Building C object CMakeFiles/cmTC_be827.dir/CheckSymbolExists.c.o
FAILED: CMakeFiles/cmTC_be827.dir/CheckSymbolExists.c.o 
/Users/davidframpton/Library/Android/sdk/ndk/28.2.13676358/toolchains/llvm/prebuilt/darwin-x86_64/bin/clang --target=aarch64-none-linux-android24 --sysroot=/Users/davidframpton/Library/Android/sdk/ndk/28.2.13676358/toolchains/llvm/prebuilt/darwin-x86_64/sysroot   -g -DANDROID -fdata-sections -ffunction-sections -funwind-tables -fstack-protector-strong -no-canonical-prefixes -D_FORTIFY_SOURCE=2 -Wformat -Werror=format-security   -D_GNU_SOURCE=1 -fPIE -MD -MT CMakeFiles/cmTC_be827.dir/CheckSymbolExists.c.o -MF CMakeFiles/cmTC_be827.dir/CheckSymbolExists.c.o.d -o CMakeFiles/cmTC_be827.dir/CheckSymbolExists.c.o -c /Users/davidframpton/Documents/blockheads2/katipoBrowser/waraki/android/app/.cxx/Debug/6y6q4d60/arm64-v8a/CMakeFiles/CMakeTmp/CheckSymbolExists.c
/Users/davidframpton/Documents/blockheads2/katipoBrowser/waraki/android/app/.cxx/Debug/6y6q4d60/arm64-v8a/CMakeFiles/CMakeTmp/CheckSymbolExists.c:26:19: error: use of undeclared identifier '_ltoa'
   26 |   return ((int*)(&_ltoa))[argc];
      |                   ^
1 error generated.
ninja: build stopped: subcommand failed.


File /Users/davidframpton/Documents/blockheads2/katipoBrowser/waraki/android/app/.cxx/Debug/6y6q4d60/arm64-v8a/CMakeFiles/CMakeTmp/CheckSymbolExists.c:
/* */
#include <float.h>
#include <iconv.h>
#include <inttypes.h>
#include <limits.h>
#include <malloc.h>
#include <math.h>
#include <memory.h>
#include <signal.h>
#include <stdarg.h>
#include <stdbool.h>
#include <stddef.h>
#include <stdint.h>
#include <stdio.h>
#include <stdlib.h>
#include <string.h>
#include <strings.h>
#include <sys/types.h>
#include <time.h>
#include <wchar.h>

int main(int argc, char** argv)
{
  (void)argv;
#ifndef _ltoa
  return ((int*)(&_ltoa))[argc];
#else
  (void)argc;
  return 0;
#endif
}
Determining if the rindex exist failed with the following output:
Change Dir: /Users/davidframpton/Documents/blockheads2/katipoBrowser/waraki/android/app/.cxx/Debug/6y6q4d60/arm64-v8a/CMakeFiles/CMakeTmp

Run Build Command(s):/Users/davidframpton/Library/Android/sdk/cmake/3.22.1/bin/ninja cmTC_df94c && [1/2] Building C object CMakeFiles/cmTC_df94c.dir/CheckSymbolExists.c.o
FAILED: CMakeFiles/cmTC_df94c.dir/CheckSymbolExists.c.o 
/Users/davidframpton/Library/Android/sdk/ndk/28.2.13676358/toolchains/llvm/prebuilt/darwin-x86_64/bin/clang --target=aarch64-none-linux-android24 --sysroot=/Users/davidframpton/Library/Android/sdk/ndk/28.2.13676358/toolchains/llvm/prebuilt/darwin-x86_64/sysroot   -g -DANDROID -fdata-sections -ffunction-sections -funwind-tables -fstack-protector-strong -no-canonical-prefixes -D_FORTIFY_SOURCE=2 -Wformat -Werror=format-security   -D_GNU_SOURCE=1 -fPIE -MD -MT CMakeFiles/cmTC_df94c.dir/CheckSymbolExists.c.o -MF CMakeFiles/cmTC_df94c.dir/CheckSymbolExists.c.o.d -o CMakeFiles/cmTC_df94c.dir/CheckSymbolExists.c.o -c /Users/davidframpton/Documents/blockheads2/katipoBrowser/waraki/android/app/.cxx/Debug/6y6q4d60/arm64-v8a/CMakeFiles/CMakeTmp/CheckSymbolExists.c
/Users/davidframpton/Documents/blockheads2/katipoBrowser/waraki/android/app/.cxx/Debug/6y6q4d60/arm64-v8a/CMakeFiles/CMakeTmp/CheckSymbolExists.c:26:19: error: call to undeclared library function 'rindex' with type 'char *(const char *, int)'; ISO C99 and later do not support implicit function declarations [-Wimplicit-function-declaration]
   26 |   return ((int*)(&rindex))[argc];
      |                   ^
/Users/davidframpton/Documents/blockheads2/katipoBrowser/waraki/android/app/.cxx/Debug/6y6q4d60/arm64-v8a/CMakeFiles/CMakeTmp/CheckSymbolExists.c:26:19: note: include the header <strings.h> or explicitly provide a declaration for 'rindex'
1 error generated.
ninja: build stopped: subcommand failed.


File /Users/davidframpton/Documents/blockheads2/katipoBrowser/waraki/android/app/.cxx/Debug/6y6q4d60/arm64-v8a/CMakeFiles/CMakeTmp/CheckSymbolExists.c:
/* */
#include <float.h>
#include <iconv.h>
#include <inttypes.h>
#include <limits.h>
#include <malloc.h>
#include <math.h>
#include <memory.h>
#include <signal.h>
#include <stdarg.h>
#include <stdbool.h>
#include <stddef.h>
#include <stdint.h>
#include <stdio.h>
#include <stdlib.h>
#include <string.h>
#include <strings.h>
#include <sys/types.h>
#include <time.h>
#include <wchar.h>

int main(int argc, char** argv)
{
  (void)argv;
#ifndef rindex
  return ((int*)(&rindex))[argc];
#else
  (void)argc;
  return 0;
#endif
}
Determining if the sqr exist failed with the following output:
Change Dir: /Users/davidframpton/Documents/blockheads2/katipoBrowser/waraki/android/app/.cxx/Debug/6y6q4d60/arm64-v8a/CMakeFiles/CMakeTmp

Run Build Command(s):/Users/davidframpton/Library/Android/sdk/cmake/3.22.1/bin/ninja cmTC_51b94 && [1/2] Building C object CMakeFiles/cmTC_51b94.dir/CheckSymbolExists.c.o
FAILED: CMakeFiles/cmTC_51b94.dir/CheckSymbolExists.c.o 
/Users/davidframpton/Library/Android/sdk/ndk/28.2.13676358/toolchains/llvm/prebuilt/darwin-x86_64/bin/clang --target=aarch64-none-linux-android24 --sysroot=/Users/davidframpton/Library/Android/sdk/ndk/28.2.13676358/toolchains/llvm/prebuilt/darwin-x86_64/sysroot   -g -DANDROID -fdata-sections -ffunction-sections -funwind-tables -fstack-protector-strong -no-canonical-prefixes -D_FORTIFY_SOURCE=2 -Wformat -Werror=format-security   -D_GNU_SOURCE=1 -fPIE -MD -MT CMakeFiles/cmTC_51b94.dir/CheckSymbolExists.c.o -MF CMakeFiles/cmTC_51b94.dir/CheckSymbolExists.c.o.d -o CMakeFiles/cmTC_51b94.dir/CheckSymbolExists.c.o -c /Users/davidframpton/Documents/blockheads2/katipoBrowser/waraki/android/app/.cxx/Debug/6y6q4d60/arm64-v8a/CMakeFiles/CMakeTmp/CheckSymbolExists.c
/Users/davidframpton/Documents/blockheads2/katipoBrowser/waraki/android/app/.cxx/Debug/6y6q4d60/arm64-v8a/CMakeFiles/CMakeTmp/CheckSymbolExists.c:26:19: error: use of undeclared identifier 'sqr'; did you mean 'sqrt'?
   26 |   return ((int*)(&sqr))[argc];
      |                   ^~~
      |                   sqrt
/Users/davidframpton/Library/Android/sdk/ndk/28.2.13676358/toolchains/llvm/prebuilt/darwin-x86_64/sysroot/usr/include/math.h:197:8: note: 'sqrt' declared here
  197 | double sqrt(double __x);
      |        ^
1 error generated.
ninja: build stopped: subcommand failed.


File /Users/davidframpton/Documents/blockheads2/katipoBrowser/waraki/android/app/.cxx/Debug/6y6q4d60/arm64-v8a/CMakeFiles/CMakeTmp/CheckSymbolExists.c:
/* */
#include <float.h>
#include <iconv.h>
#include <inttypes.h>
#include <limits.h>
#include <malloc.h>
#include <math.h>
#include <memory.h>
#include <signal.h>
#include <stdarg.h>
#include <stdbool.h>
#include <stddef.h>
#include <stdint.h>
#include <stdio.h>
#include <stdlib.h>
#include <string.h>
#include <strings.h>
#include <sys/types.h>
#include <time.h>
#include <wchar.h>

int main(int argc, char** argv)
{
  (void)argv;
#ifndef sqr
  return ((int*)(&sqr))[argc];
#else
  (void)argc;
  return 0;
#endif
}
Determining if the strnstr exist failed with the following output:
Change Dir: /Users/davidframpton/Documents/blockheads2/katipoBrowser/waraki/android/app/.cxx/Debug/6y6q4d60/arm64-v8a/CMakeFiles/CMakeTmp

Run Build Command(s):/Users/davidframpton/Library/Android/sdk/cmake/3.22.1/bin/ninja cmTC_fa9c9 && [1/2] Building C object CMakeFiles/cmTC_fa9c9.dir/CheckSymbolExists.c.o
FAILED: CMakeFiles/cmTC_fa9c9.dir/CheckSymbolExists.c.o 
/Users/davidframpton/Library/Android/sdk/ndk/28.2.13676358/toolchains/llvm/prebuilt/darwin-x86_64/bin/clang --target=aarch64-none-linux-android24 --sysroot=/Users/davidframpton/Library/Android/sdk/ndk/28.2.13676358/toolchains/llvm/prebuilt/darwin-x86_64/sysroot   -g -DANDROID -fdata-sections -ffunction-sections -funwind-tables -fstack-protector-strong -no-canonical-prefixes -D_FORTIFY_SOURCE=2 -Wformat -Werror=format-security   -D_GNU_SOURCE=1 -fPIE -MD -MT CMakeFiles/cmTC_fa9c9.dir/CheckSymbolExists.c.o -MF CMakeFiles/cmTC_fa9c9.dir/CheckSymbolExists.c.o.d -o CMakeFiles/cmTC_fa9c9.dir/CheckSymbolExists.c.o -c /Users/davidframpton/Documents/blockheads2/katipoBrowser/waraki/android/app/.cxx/Debug/6y6q4d60/arm64-v8a/CMakeFiles/CMakeTmp/CheckSymbolExists.c
/Users/davidframpton/Documents/blockheads2/katipoBrowser/waraki/android/app/.cxx/Debug/6y6q4d60/arm64-v8a/CMakeFiles/CMakeTmp/CheckSymbolExists.c:26:19: error: use of undeclared identifier 'strnstr'; did you mean 'strstr'?
   26 |   return ((int*)(&strnstr))[argc];
      |                   ^~~~~~~
      |                   strstr
/Users/davidframpton/Library/Android/sdk/ndk/28.2.13676358/toolchains/llvm/prebuilt/darwin-x86_64/sysroot/usr/include/string.h:117:17: note: 'strstr' declared here
  117 | char* _Nullable strstr(const char* _Nonnull __haystack, const char* _Nonnull __needle) __attribute_pure__;
      |                 ^
1 error generated.
ninja: build stopped: subcommand failed.


File /Users/davidframpton/Documents/blockheads2/katipoBrowser/waraki/android/app/.cxx/Debug/6y6q4d60/arm64-v8a/CMakeFiles/CMakeTmp/CheckSymbolExists.c:
/* */
#include <float.h>
#include <iconv.h>
#include <inttypes.h>
#include <limits.h>
#include <malloc.h>
#include <math.h>
#include <memory.h>
#include <signal.h>
#include <stdarg.h>
#include <stdbool.h>
#include <stddef.h>
#include <stdint.h>
#include <stdio.h>
#include <stdlib.h>
#include <string.h>
#include <strings.h>
#include <sys/types.h>
#include <time.h>
#include <wchar.h>

int main(int argc, char** argv)
{
  (void)argv;
#ifndef strnstr
  return ((int*)(&strnstr))[argc];
#else
  (void)argc;
  return 0;
#endif
}
Determining if the nl_langinfo exist failed with the following output:
Change Dir: /Users/davidframpton/Documents/blockheads2/katipoBrowser/waraki/android/app/.cxx/Debug/6y6q4d60/arm64-v8a/CMakeFiles/CMakeTmp

Run Build Command(s):/Users/davidframpton/Library/Android/sdk/cmake/3.22.1/bin/ninja cmTC_1cd12 && [1/2] Building C object CMakeFiles/cmTC_1cd12.dir/CheckSymbolExists.c.o
FAILED: CMakeFiles/cmTC_1cd12.dir/CheckSymbolExists.c.o 
/Users/davidframpton/Library/Android/sdk/ndk/28.2.13676358/toolchains/llvm/prebuilt/darwin-x86_64/bin/clang --target=aarch64-none-linux-android24 --sysroot=/Users/davidframpton/Library/Android/sdk/ndk/28.2.13676358/toolchains/llvm/prebuilt/darwin-x86_64/sysroot   -g -DANDROID -fdata-sections -ffunction-sections -funwind-tables -fstack-protector-strong -no-canonical-prefixes -D_FORTIFY_SOURCE=2 -Wformat -Werror=format-security   -D_GNU_SOURCE=1 -fPIE -MD -MT CMakeFiles/cmTC_1cd12.dir/CheckSymbolExists.c.o -MF CMakeFiles/cmTC_1cd12.dir/CheckSymbolExists.c.o.d -o CMakeFiles/cmTC_1cd12.dir/CheckSymbolExists.c.o -c /Users/davidframpton/Documents/blockheads2/katipoBrowser/waraki/android/app/.cxx/Debug/6y6q4d60/arm64-v8a/CMakeFiles/CMakeTmp/CheckSymbolExists.c
/Users/davidframpton/Documents/blockheads2/katipoBrowser/waraki/android/app/.cxx/Debug/6y6q4d60/arm64-v8a/CMakeFiles/CMakeTmp/CheckSymbolExists.c:8:19: error: use of undeclared identifier 'nl_langinfo'
    8 |   return ((int*)(&nl_langinfo))[argc];
      |                   ^
1 error generated.
ninja: build stopped: subcommand failed.


File /Users/davidframpton/Documents/blockheads2/katipoBrowser/waraki/android/app/.cxx/Debug/6y6q4d60/arm64-v8a/CMakeFiles/CMakeTmp/CheckSymbolExists.c:
/* */
#include <langinfo.h>

int main(int argc, char** argv)
{
  (void)argv;
#ifndef nl_langinfo
  return ((int*)(&nl_langinfo))[argc];
#else
  (void)argc;
  return 0;
#endif
}
Determining if the sysctlbyname exist failed with the following output:
Change Dir: /Users/davidframpton/Documents/blockheads2/katipoBrowser/waraki/android/app/.cxx/Debug/6y6q4d60/arm64-v8a/CMakeFiles/CMakeTmp

Run Build Command(s):/Users/davidframpton/Library/Android/sdk/cmake/3.22.1/bin/ninja cmTC_49d36 && [1/2] Building C object CMakeFiles/cmTC_49d36.dir/CheckSymbolExists.c.o
FAILED: CMakeFiles/cmTC_49d36.dir/CheckSymbolExists.c.o 
/Users/davidframpton/Library/Android/sdk/ndk/28.2.13676358/toolchains/llvm/prebuilt/darwin-x86_64/bin/clang --target=aarch64-none-linux-android24 --sysroot=/Users/davidframpton/Library/Android/sdk/ndk/28.2.13676358/toolchains/llvm/prebuilt/darwin-x86_64/sysroot   -g -DANDROID -fdata-sections -ffunction-sections -funwind-tables -fstack-protector-strong -no-canonical-prefixes -D_FORTIFY_SOURCE=2 -Wformat -Werror=format-security   -D_GNU_SOURCE=1 -fPIE -MD -MT CMakeFiles/cmTC_49d36.dir/CheckSymbolExists.c.o -MF CMakeFiles/cmTC_49d36.dir/CheckSymbolExists.c.o.d -o CMakeFiles/cmTC_49d36.dir/CheckSymbolExists.c.o -c /Users/davidframpton/Documents/blockheads2/katipoBrowser/waraki/android/app/.cxx/Debug/6y6q4d60/arm64-v8a/CMakeFiles/CMakeTmp/CheckSymbolExists.c
/Users/davidframpton/Documents/blockheads2/katipoBrowser/waraki/android/app/.cxx/Debug/6y6q4d60/arm64-v8a/CMakeFiles/CMakeTmp/CheckSymbolExists.c:3:10: fatal error: 'sys/sysctl.h' file not found
    3 | #include <sys/sysctl.h>
      |          ^~~~~~~~~~~~~~
1 error generated.
ninja: build stopped: subcommand failed.


File /Users/davidframpton/Documents/blockheads2/katipoBrowser/waraki/android/app/.cxx/Debug/6y6q4d60/arm64-v8a/CMakeFiles/CMakeTmp/CheckSymbolExists.c:
/* */
#include <sys/types.h>
#include <sys/sysctl.h>

int main(int argc, char** argv)
{
  (void)argv;
#ifndef sysctlbyname
  return ((int*)(&sysctlbyname))[argc];
#else
  (void)argc;
  return 0;
#endif
}
Determining if the elf_aux_info exist failed with the following output:
Change Dir: /Users/davidframpton/Documents/blockheads2/katipoBrowser/waraki/android/app/.cxx/Debug/6y6q4d60/arm64-v8a/CMakeFiles/CMakeTmp

Run Build Command(s):/Users/davidframpton/Library/Android/sdk/cmake/3.22.1/bin/ninja cmTC_f6dd7 && [1/2] Building C object CMakeFiles/cmTC_f6dd7.dir/CheckSymbolExists.c.o
FAILED: CMakeFiles/cmTC_f6dd7.dir/CheckSymbolExists.c.o 
/Users/davidframpton/Library/Android/sdk/ndk/28.2.13676358/toolchains/llvm/prebuilt/darwin-x86_64/bin/clang --target=aarch64-none-linux-android24 --sysroot=/Users/davidframpton/Library/Android/sdk/ndk/28.2.13676358/toolchains/llvm/prebuilt/darwin-x86_64/sysroot   -g -DANDROID -fdata-sections -ffunction-sections -funwind-tables -fstack-protector-strong -no-canonical-prefixes -D_FORTIFY_SOURCE=2 -Wformat -Werror=format-security   -D_GNU_SOURCE=1 -fPIE -MD -MT CMakeFiles/cmTC_f6dd7.dir/CheckSymbolExists.c.o -MF CMakeFiles/cmTC_f6dd7.dir/CheckSymbolExists.c.o.d -o CMakeFiles/cmTC_f6dd7.dir/CheckSymbolExists.c.o -c /Users/davidframpton/Documents/blockheads2/katipoBrowser/waraki/android/app/.cxx/Debug/6y6q4d60/arm64-v8a/CMakeFiles/CMakeTmp/CheckSymbolExists.c
/Users/davidframpton/Documents/blockheads2/katipoBrowser/waraki/android/app/.cxx/Debug/6y6q4d60/arm64-v8a/CMakeFiles/CMakeTmp/CheckSymbolExists.c:8:19: error: use of undeclared identifier 'elf_aux_info'
    8 |   return ((int*)(&elf_aux_info))[argc];
      |                   ^
1 error generated.
ninja: build stopped: subcommand failed.


File /Users/davidframpton/Documents/blockheads2/katipoBrowser/waraki/android/app/.cxx/Debug/6y6q4d60/arm64-v8a/CMakeFiles/CMakeTmp/CheckSymbolExists.c:
/* */
#include <sys/auxv.h>

int main(int argc, char** argv)
{
  (void)argv;
#ifndef elf_aux_info
  return ((int*)(&elf_aux_info))[argc];
#else
  (void)argc;
  return 0;
#endif
}
Determining if the memfd_create exist failed with the following output:
Change Dir: /Users/davidframpton/Documents/blockheads2/katipoBrowser/waraki/android/app/.cxx/Debug/6y6q4d60/arm64-v8a/CMakeFiles/CMakeTmp

Run Build Command(s):/Users/davidframpton/Library/Android/sdk/cmake/3.22.1/bin/ninja cmTC_74316 && [1/2] Building C object CMakeFiles/cmTC_74316.dir/CheckSymbolExists.c.o
FAILED: CMakeFiles/cmTC_74316.dir/CheckSymbolExists.c.o 
/Users/davidframpton/Library/Android/sdk/ndk/28.2.13676358/toolchains/llvm/prebuilt/darwin-x86_64/bin/clang --target=aarch64-none-linux-android24 --sysroot=/Users/davidframpton/Library/Android/sdk/ndk/28.2.13676358/toolchains/llvm/prebuilt/darwin-x86_64/sysroot   -g -DANDROID -fdata-sections -ffunction-sections -funwind-tables -fstack-protector-strong -no-canonical-prefixes -D_FORTIFY_SOURCE=2 -Wformat -Werror=format-security   -D_GNU_SOURCE=1 -fPIE -MD -MT CMakeFiles/cmTC_74316.dir/CheckSymbolExists.c.o -MF CMakeFiles/cmTC_74316.dir/CheckSymbolExists.c.o.d -o CMakeFiles/cmTC_74316.dir/CheckSymbolExists.c.o -c /Users/davidframpton/Documents/blockheads2/katipoBrowser/waraki/android/app/.cxx/Debug/6y6q4d60/arm64-v8a/CMakeFiles/CMakeTmp/CheckSymbolExists.c
/Users/davidframpton/Documents/blockheads2/katipoBrowser/waraki/android/app/.cxx/Debug/6y6q4d60/arm64-v8a/CMakeFiles/CMakeTmp/CheckSymbolExists.c:8:19: error: use of undeclared identifier 'memfd_create'
    8 |   return ((int*)(&memfd_create))[argc];
      |                   ^
1 error generated.
ninja: build stopped: subcommand failed.


File /Users/davidframpton/Documents/blockheads2/katipoBrowser/waraki/android/app/.cxx/Debug/6y6q4d60/arm64-v8a/CMakeFiles/CMakeTmp/CheckSymbolExists.c:
/* */
#include <sys/mman.h>

int main(int argc, char** argv)
{
  (void)argv;
#ifndef memfd_create
  return ((int*)(&memfd_create))[argc];
#else
  (void)argc;
  return 0;
#endif
}
Determining if the posix_spawn_file_actions_addchdir exist failed with the following output:
Change Dir: /Users/davidframpton/Documents/blockheads2/katipoBrowser/waraki/android/app/.cxx/Debug/6y6q4d60/arm64-v8a/CMakeFiles/CMakeTmp

Run Build Command(s):/Users/davidframpton/Library/Android/sdk/cmake/3.22.1/bin/ninja cmTC_3ca9a && [1/2] Building C object CMakeFiles/cmTC_3ca9a.dir/CheckSymbolExists.c.o
FAILED: CMakeFiles/cmTC_3ca9a.dir/CheckSymbolExists.c.o 
/Users/davidframpton/Library/Android/sdk/ndk/28.2.13676358/toolchains/llvm/prebuilt/darwin-x86_64/bin/clang --target=aarch64-none-linux-android24 --sysroot=/Users/davidframpton/Library/Android/sdk/ndk/28.2.13676358/toolchains/llvm/prebuilt/darwin-x86_64/sysroot   -g -DANDROID -fdata-sections -ffunction-sections -funwind-tables -fstack-protector-strong -no-canonical-prefixes -D_FORTIFY_SOURCE=2 -Wformat -Werror=format-security   -D_GNU_SOURCE=1 -fPIE -MD -MT CMakeFiles/cmTC_3ca9a.dir/CheckSymbolExists.c.o -MF CMakeFiles/cmTC_3ca9a.dir/CheckSymbolExists.c.o.d -o CMakeFiles/cmTC_3ca9a.dir/CheckSymbolExists.c.o -c /Users/davidframpton/Documents/blockheads2/katipoBrowser/waraki/android/app/.cxx/Debug/6y6q4d60/arm64-v8a/CMakeFiles/CMakeTmp/CheckSymbolExists.c
/Users/davidframpton/Documents/blockheads2/katipoBrowser/waraki/android/app/.cxx/Debug/6y6q4d60/arm64-v8a/CMakeFiles/CMakeTmp/CheckSymbolExists.c:8:19: error: use of undeclared identifier 'posix_spawn_file_actions_addchdir'
    8 |   return ((int*)(&posix_spawn_file_actions_addchdir))[argc];
      |                   ^
1 error generated.
ninja: build stopped: subcommand failed.


File /Users/davidframpton/Documents/blockheads2/katipoBrowser/waraki/android/app/.cxx/Debug/6y6q4d60/arm64-v8a/CMakeFiles/CMakeTmp/CheckSymbolExists.c:
/* */
#include <spawn.h>

int main(int argc, char** argv)
{
  (void)argv;
#ifndef posix_spawn_file_actions_addchdir
  return ((int*)(&posix_spawn_file_actions_addchdir))[argc];
#else
  (void)argc;
  return 0;
#endif
}
Determining if the posix_spawn_file_actions_addchdir_np exist failed with the following output:
Change Dir: /Users/davidframpton/Documents/blockheads2/katipoBrowser/waraki/android/app/.cxx/Debug/6y6q4d60/arm64-v8a/CMakeFiles/CMakeTmp

Run Build Command(s):/Users/davidframpton/Library/Android/sdk/cmake/3.22.1/bin/ninja cmTC_1ec06 && [1/2] Building C object CMakeFiles/cmTC_1ec06.dir/CheckSymbolExists.c.o
FAILED: CMakeFiles/cmTC_1ec06.dir/CheckSymbolExists.c.o 
/Users/davidframpton/Library/Android/sdk/ndk/28.2.13676358/toolchains/llvm/prebuilt/darwin-x86_64/bin/clang --target=aarch64-none-linux-android24 --sysroot=/Users/davidframpton/Library/Android/sdk/ndk/28.2.13676358/toolchains/llvm/prebuilt/darwin-x86_64/sysroot   -g -DANDROID -fdata-sections -ffunction-sections -funwind-tables -fstack-protector-strong -no-canonical-prefixes -D_FORTIFY_SOURCE=2 -Wformat -Werror=format-security   -D_GNU_SOURCE=1 -fPIE -MD -MT CMakeFiles/cmTC_1ec06.dir/CheckSymbolExists.c.o -MF CMakeFiles/cmTC_1ec06.dir/CheckSymbolExists.c.o.d -o CMakeFiles/cmTC_1ec06.dir/CheckSymbolExists.c.o -c /Users/davidframpton/Documents/blockheads2/katipoBrowser/waraki/android/app/.cxx/Debug/6y6q4d60/arm64-v8a/CMakeFiles/CMakeTmp/CheckSymbolExists.c
/Users/davidframpton/Documents/blockheads2/katipoBrowser/waraki/android/app/.cxx/Debug/6y6q4d60/arm64-v8a/CMakeFiles/CMakeTmp/CheckSymbolExists.c:8:19: error: use of undeclared identifier 'posix_spawn_file_actions_addchdir_np'
    8 |   return ((int*)(&posix_spawn_file_actions_addchdir_np))[argc];
      |                   ^
1 error generated.
ninja: build stopped: subcommand failed.


File /Users/davidframpton/Documents/blockheads2/katipoBrowser/waraki/android/app/.cxx/Debug/6y6q4d60/arm64-v8a/CMakeFiles/CMakeTmp/CheckSymbolExists.c:
/* */
#include <spawn.h>

int main(int argc, char** argv)
{
  (void)argv;
#ifndef posix_spawn_file_actions_addchdir_np
  return ((int*)(&posix_spawn_file_actions_addchdir_np))[argc];
#else
  (void)argc;
  return 0;
#endif
}
Performing C SOURCE FILE Test ICONV_IN_LIBC failed with the following output:
Change Dir: /Users/davidframpton/Documents/blockheads2/katipoBrowser/waraki/android/app/.cxx/Debug/6y6q4d60/arm64-v8a/CMakeFiles/CMakeTmp

Run Build Command(s):/Users/davidframpton/Library/Android/sdk/cmake/3.22.1/bin/ninja cmTC_ec52a && [1/2] Building C object CMakeFiles/cmTC_ec52a.dir/src.c.o
FAILED: CMakeFiles/cmTC_ec52a.dir/src.c.o 
/Users/davidframpton/Library/Android/sdk/ndk/28.2.13676358/toolchains/llvm/prebuilt/darwin-x86_64/bin/clang --target=aarch64-none-linux-android24 --sysroot=/Users/davidframpton/Library/Android/sdk/ndk/28.2.13676358/toolchains/llvm/prebuilt/darwin-x86_64/sysroot -DICONV_IN_LIBC  -g -DANDROID -fdata-sections -ffunction-sections -funwind-tables -fstack-protector-strong -no-canonical-prefixes -D_FORTIFY_SOURCE=2 -Wformat -Werror=format-security   -D_GNU_SOURCE=1 -fPIE -MD -MT CMakeFiles/cmTC_ec52a.dir/src.c.o -MF CMakeFiles/cmTC_ec52a.dir/src.c.o.d -o CMakeFiles/cmTC_ec52a.dir/src.c.o -c /Users/davidframpton/Documents/blockheads2/katipoBrowser/waraki/android/app/.cxx/Debug/6y6q4d60/arm64-v8a/CMakeFiles/CMakeTmp/src.c
/Users/davidframpton/Documents/blockheads2/katipoBrowser/waraki/android/app/.cxx/Debug/6y6q4d60/arm64-v8a/CMakeFiles/CMakeTmp/src.c:6:21: error: call to undeclared function 'iconv_open'; ISO C99 and later do not support implicit function declarations [-Wimplicit-function-declaration]
    6 |             return !iconv_open(NULL,NULL);
      |                     ^
1 error generated.
ninja: build stopped: subcommand failed.


Source file was:

        #define LIBICONV_PLUG 1 /* in case libiconv header is in include path */
        #include <stddef.h>
        #include <iconv.h>
        int main(int argc, char **argv) {
            return !iconv_open(NULL,NULL);
        }
Performing C SOURCE FILE Test ICONV_IN_LIBICONV failed with the following output:
Change Dir: /Users/davidframpton/Documents/blockheads2/katipoBrowser/waraki/android/app/.cxx/Debug/6y6q4d60/arm64-v8a/CMakeFiles/CMakeTmp

Run Build Command(s):/Users/davidframpton/Library/Android/sdk/cmake/3.22.1/bin/ninja cmTC_7b80e && [1/2] Building C object CMakeFiles/cmTC_7b80e.dir/src.c.o
FAILED: CMakeFiles/cmTC_7b80e.dir/src.c.o 
/Users/davidframpton/Library/Android/sdk/ndk/28.2.13676358/toolchains/llvm/prebuilt/darwin-x86_64/bin/clang --target=aarch64-none-linux-android24 --sysroot=/Users/davidframpton/Library/Android/sdk/ndk/28.2.13676358/toolchains/llvm/prebuilt/darwin-x86_64/sysroot -DICONV_IN_LIBICONV  -g -DANDROID -fdata-sections -ffunction-sections -funwind-tables -fstack-protector-strong -no-canonical-prefixes -D_FORTIFY_SOURCE=2 -Wformat -Werror=format-security   -D_GNU_SOURCE=1 -fPIE -MD -MT CMakeFiles/cmTC_7b80e.dir/src.c.o -MF CMakeFiles/cmTC_7b80e.dir/src.c.o.d -o CMakeFiles/cmTC_7b80e.dir/src.c.o -c /Users/davidframpton/Documents/blockheads2/katipoBrowser/waraki/android/app/.cxx/Debug/6y6q4d60/arm64-v8a/CMakeFiles/CMakeTmp/src.c
/Users/davidframpton/Documents/blockheads2/katipoBrowser/waraki/android/app/.cxx/Debug/6y6q4d60/arm64-v8a/CMakeFiles/CMakeTmp/src.c:5:21: error: call to undeclared function 'iconv_open'; ISO C99 and later do not support implicit function declarations [-Wimplicit-function-declaration]
    5 |             return !iconv_open(NULL,NULL);
      |                     ^
1 error generated.
ninja: build stopped: subcommand failed.


Source file was:

        #include <stddef.h>
        #include <iconv.h>
        int main(int argc, char **argv) {
            return !iconv_open(NULL,NULL);
        }
Performing C SOURCE FILE Test HAVE_ARM_MODE failed with the following output:
Change Dir: /Users/davidframpton/Documents/blockheads2/katipoBrowser/waraki/android/app/.cxx/Debug/6y6q4d60/arm64-v8a/CMakeFiles/CMakeTmp

Run Build Command(s):/Users/davidframpton/Library/Android/sdk/cmake/3.22.1/bin/ninja cmTC_e75b5 && [1/2] Building C object CMakeFiles/cmTC_e75b5.dir/src.c.o
FAILED: CMakeFiles/cmTC_e75b5.dir/src.c.o 
/Users/davidframpton/Library/Android/sdk/ndk/28.2.13676358/toolchains/llvm/prebuilt/darwin-x86_64/bin/clang --target=aarch64-none-linux-android24 --sysroot=/Users/davidframpton/Library/Android/sdk/ndk/28.2.13676358/toolchains/llvm/prebuilt/darwin-x86_64/sysroot -DHAVE_ARM_MODE  -g -DANDROID -fdata-sections -ffunction-sections -funwind-tables -fstack-protector-strong -no-canonical-prefixes -D_FORTIFY_SOURCE=2 -Wformat -Werror=format-security   -D_GNU_SOURCE=1 -Werror=unused-command-line-argument -fPIE   -marm -MD -MT CMakeFiles/cmTC_e75b5.dir/src.c.o -MF CMakeFiles/cmTC_e75b5.dir/src.c.o.d -o CMakeFiles/cmTC_e75b5.dir/src.c.o -c /Users/davidframpton/Documents/blockheads2/katipoBrowser/waraki/android/app/.cxx/Debug/6y6q4d60/arm64-v8a/CMakeFiles/CMakeTmp/src.c
clang: error: unsupported option '-mno-thumb' for target 'aarch64-none-linux-android24'
ninja: build stopped: subcommand failed.


Source file was:
int main(void) { return 0; }
Determining if the include file pthread_np.h exists failed with the following output:
Change Dir: /Users/davidframpton/Documents/blockheads2/katipoBrowser/waraki/android/app/.cxx/Debug/6y6q4d60/arm64-v8a/CMakeFiles/CMakeTmp

Run Build Command(s):/Users/davidframpton/Library/Android/sdk/cmake/3.22.1/bin/ninja cmTC_6054b && [1/2] Building C object CMakeFiles/cmTC_6054b.dir/CheckIncludeFile.c.o
FAILED: CMakeFiles/cmTC_6054b.dir/CheckIncludeFile.c.o 
/Users/davidframpton/Library/Android/sdk/ndk/28.2.13676358/toolchains/llvm/prebuilt/darwin-x86_64/bin/clang --target=aarch64-none-linux-android24 --sysroot=/Users/davidframpton/Library/Android/sdk/ndk/28.2.13676358/toolchains/llvm/prebuilt/darwin-x86_64/sysroot   -g -DANDROID -fdata-sections -ffunction-sections -funwind-tables -fstack-protector-strong -no-canonical-prefixes -D_FORTIFY_SOURCE=2 -Wformat -Werror=format-security   -D_GNU_SOURCE=1 -fPIE -MD -MT CMakeFiles/cmTC_6054b.dir/CheckIncludeFile.c.o -MF CMakeFiles/cmTC_6054b.dir/CheckIncludeFile.c.o.d -o CMakeFiles/cmTC_6054b.dir/CheckIncludeFile.c.o -c /Users/davidframpton/Documents/blockheads2/katipoBrowser/waraki/android/app/.cxx/Debug/6y6q4d60/arm64-v8a/CMakeFiles/CMakeTmp/CheckIncludeFile.c
/Users/davidframpton/Documents/blockheads2/katipoBrowser/waraki/android/app/.cxx/Debug/6y6q4d60/arm64-v8a/CMakeFiles/CMakeTmp/CheckIncludeFile.c:1:10: fatal error: 'pthread_np.h' file not found
    1 | #include <pthread_np.h>
      |          ^~~~~~~~~~~~~~
1 error generated.
ninja: build stopped: subcommand failed.



Performing C SOURCE FILE Test CMAKE_HAVE_LIBC_PTHREAD failed with the following output:
Change Dir: /Users/davidframpton/Documents/blockheads2/katipoBrowser/waraki/android/app/.cxx/Debug/6y6q4d60/arm64-v8a/CMakeFiles/CMakeTmp

Run Build Command(s):/Users/davidframpton/Library/Android/sdk/cmake/3.22.1/bin/ninja cmTC_21e85 && [1/2] Building C object CMakeFiles/cmTC_21e85.dir/src.c.o
FAILED: CMakeFiles/cmTC_21e85.dir/src.c.o 
/Users/davidframpton/Library/Android/sdk/ndk/28.2.13676358/toolchains/llvm/prebuilt/darwin-x86_64/bin/clang --target=aarch64-none-linux-android24 --sysroot=/Users/davidframpton/Library/Android/sdk/ndk/28.2.13676358/toolchains/llvm/prebuilt/darwin-x86_64/sysroot -DCMAKE_HAVE_LIBC_PTHREAD  -g -DANDROID -fdata-sections -ffunction-sections -funwind-tables -fstack-protector-strong -no-canonical-prefixes -D_FORTIFY_SOURCE=2 -Wformat -Werror=format-security   -fPIE -MD -MT CMakeFiles/cmTC_21e85.dir/src.c.o -MF CMakeFiles/cmTC_21e85.dir/src.c.o.d -o CMakeFiles/cmTC_21e85.dir/src.c.o -c /Users/davidframpton/Documents/blockheads2/katipoBrowser/waraki/android/app/.cxx/Debug/6y6q4d60/arm64-v8a/CMakeFiles/CMakeTmp/src.c
/Users/davidframpton/Documents/blockheads2/katipoBrowser/waraki/android/app/.cxx/Debug/6y6q4d60/arm64-v8a/CMakeFiles/CMakeTmp/src.c:13:3: error: call to undeclared function 'pthread_cancel'; ISO C99 and later do not support implicit function declarations [-Wimplicit-function-declaration]
   13 |   pthread_cancel(thread);
      |   ^
/Users/davidframpton/Documents/blockheads2/katipoBrowser/waraki/android/app/.cxx/Debug/6y6q4d60/arm64-v8a/CMakeFiles/CMakeTmp/src.c:13:3: note: did you mean 'pthread_once'?
/Users/davidframpton/Library/Android/sdk/ndk/28.2.13676358/toolchains/llvm/prebuilt/darwin-x86_64/sysroot/usr/include/pthread.h:250:5: note: 'pthread_once' declared here
  250 | int pthread_once(pthread_once_t* _Nonnull __once, void (* _Nonnull __init_routine)(void));
      |     ^
1 error generated.
ninja: build stopped: subcommand failed.


Source file was:
#include <pthread.h>

static void* test_func(void* data)
{
  return data;
}

int main(void)
{
  pthread_t thread;
  pthread_create(&thread, NULL, test_func, NULL);
  pthread_detach(thread);
  pthread_cancel(thread);
  pthread_join(thread, NULL);
  pthread_atfork(NULL, NULL, NULL);
  pthread_exit(NULL);

  return 0;
}

